--------------------------------------------------------------------------------------------------------------------------------------------------
      name:  <unnamed>
       log:  C:\Users\roble\Desktop\Working\STATA\HW 10/leonard_exc10.log
  log type:  text
 opened on:  15 Jan 2018, 09:21:37

. 
. ********************************************************
. * Q.1 Data at the State level
. 
. use "$datadir/state.dta", clear

. br  // state level panel

. 
. xtdes // test properties of the panel - is it balanced? missing obs?

   uf_id:  1, 2, ..., 27                                     n =         27
       t:  2, 3, ..., 4                                      T =          3
           Delta(t) = 1 unit
           Span(t)  = 3 periods
           (uf_id*t uniquely identifies each observation)

Distribution of T_i:   min      5%     25%       50%       75%     95%     max
                         3       3       3         3         3       3       3

     Freq.  Percent    Cum. |  Pattern
 ---------------------------+---------
       27    100.00  100.00 |  111
 ---------------------------+---------
       27    100.00         |  XXX

. * we have a fully balanced panel - all 1's, at full rank
. //uf_id is the state level and t is the time period
. summarize

    Variable |        Obs        Mean    Std. Dev.       Min        Max
-------------+---------------------------------------------------------
          uf |          0
        year |         81        1998    3.286335       1994       2002
     illiter |         81    29.32985    12.58529     10.917     49.826
        area |         81    315981.8    373954.1     5822.1    1577820
        inst |         81    .5061481     .436975          0          1
-------------+---------------------------------------------------------
   util_rate |         81    .8289052    .1122541   .5840384   .9754696
        duf1 |         81     .037037    .1900292          0          1
        duf2 |         81     .037037    .1900292          0          1
        duf3 |         81     .037037    .1900292          0          1
        duf4 |         81     .037037    .1900292          0          1
-------------+---------------------------------------------------------
        duf5 |         81     .037037    .1900292          0          1
        duf6 |         81     .037037    .1900292          0          1
        duf7 |         81     .037037    .1900292          0          1
        duf8 |         81     .037037    .1900292          0          1
        duf9 |         81     .037037    .1900292          0          1
-------------+---------------------------------------------------------
       duf10 |         81     .037037    .1900292          0          1
       duf11 |         81     .037037    .1900292          0          1
       duf12 |         81     .037037    .1900292          0          1
       duf13 |         81     .037037    .1900292          0          1
       duf14 |         81     .037037    .1900292          0          1
-------------+---------------------------------------------------------
       duf15 |         81     .037037    .1900292          0          1
       duf16 |         81     .037037    .1900292          0          1
       duf17 |         81     .037037    .1900292          0          1
       duf18 |         81     .037037    .1900292          0          1
       duf19 |         81     .037037    .1900292          0          1
-------------+---------------------------------------------------------
       duf20 |         81     .037037    .1900292          0          1
       duf21 |         81     .037037    .1900292          0          1
       duf22 |         81     .037037    .1900292          0          1
       duf23 |         81     .037037    .1900292          0          1
       duf24 |         81     .037037    .1900292          0          1
-------------+---------------------------------------------------------
       duf25 |         81     .037037    .1900292          0          1
       duf26 |         81     .037037    .1900292          0          1
       duf27 |         81     .037037    .1900292          0          1
   ag_ltotal |         81   -.1435362    .4348919  -1.103038   1.074978
ag_pcdesp_~l |         81     .963334    .4752213   .3331139   2.959969
-------------+---------------------------------------------------------
   ag_slegis |         81    .0364617    .0162518   .0074165   .0789333
   ag_sjudic |         81    .0628249    .0227675   1.25e-08   .1298469
     ag_sadm |         81     .180819    .0968559   .0152738   .4221081
   ag_ssegur |         81    .0735447    .0257969   .0146565   .1348672
    ag_seduc |         81    .1760313    .0371007   .1008691   .2628993
-------------+---------------------------------------------------------
   ag_lsaude |         81   -2.568622    .6686504  -4.257727  -.7042319
   ag_ssaude |         81    .0991562    .0373793   .0225757   .2086866
ag_pcdesp_~e |         81    .0996583    .0829499   .0147602   .5144615
  ag_sassist |         81    .1081476     .053631   .0076343   .2391323
  ag_stransp |         81    .0526527    .0491237   .0046296   .2780991
-------------+---------------------------------------------------------
ag_pcrev_nom |         81    .9551463    .4764115   .3667149   2.973083
ag_pcnet_int |         81   -.0047886    .0574789  -.1119646   .2250142
     inst98e |         81    .1728148    .2873971          0          1
     inst02e |         81    .1728148    .2873971          0          1
        reg1 |         81    .1481481    .3574602          0          1
-------------+---------------------------------------------------------
        reg2 |         81    .3333333    .4743416          0          1
        reg3 |         81    .2592593    .4409586          0          1
        reg4 |         81    .1481481    .3574602          0          1
        reg5 |         81    .1111111    .3162278          0          1
     reg1_94 |         81    .0493827    .2180157          0          1
-------------+---------------------------------------------------------
     reg2_94 |         81    .1111111    .3162278          0          1
     reg3_94 |         81    .0864198    .2827336          0          1
     reg4_94 |         81    .0493827    .2180157          0          1
     reg5_94 |         81     .037037    .1900292          0          1
     reg1_98 |         81    .0493827    .2180157          0          1
-------------+---------------------------------------------------------
     reg2_98 |         81    .1111111    .3162278          0          1
     reg3_98 |         81    .0864198    .2827336          0          1
     reg4_98 |         81    .0493827    .2180157          0          1
     reg5_98 |         81     .037037    .1900292          0          1
     reg1_02 |         81    .0493827    .2180157          0          1
-------------+---------------------------------------------------------
     reg2_02 |         81    .1111111    .3162278          0          1
     reg3_02 |         81    .0864198    .2827336          0          1
     reg4_02 |         81    .0493827    .2180157          0          1
     reg5_02 |         81     .037037    .1900292          0          1
  ag_lb_educ |         81    .0626101    .0158071   .0359841   .1022293
-------------+---------------------------------------------------------
     ag_lpop |         81    15.09761      1.1122   12.46428   17.50436
  ag_lb_ined |         81     .077209    .0109851   .0541555   .1060465
     ag_gini |         81    .5686667    .0344227   .4571566   .6300809
  ag_poverty |         81    .3968978    .1638234   .1163914   .6937482
ag_munic_p~a |         81    .0000357    .0000195   4.36e-07   .0001162
-------------+---------------------------------------------------------
 share_PCdoB |         81    .0100821    .0162742          0   .0833333
    share_PT |         81    .0935664    .0624031          0   .2916667
   share_PSB |         81    .0420068    .0562064          0   .3265306
   share_PPS |         81    .0215476    .0302362          0   .1333333
   share_PDT |         81    .0660288     .054193          0   .2083333
-------------+---------------------------------------------------------
  share_PSDB |         81    .1117146    .0957592          0   .4565217
  share_PMDB |         81    .1698005    .0957151          0   .5277778
   share_PTB |         81    .0695605    .0643013          0   .2941177
    share_PL |         81    .0524696    .0480281          0   .2083333
   share_PFL |         81    .1495103    .1060849          0   .4666667
-------------+---------------------------------------------------------
       right |         81    4.623611    .6007644   2.374742   6.434639
ag_lb_ined~r |         81    .9858375    .0323997   .7227433   .9994312
ag_lb_educ~r |         81    .9871046    .0130144   .9509965   .9998673
ag_vis_ine~r |         81    .9204381    .1018134   .6183673   .9975016
ag_vis_edu~r |         81    .9220289    .1049681   .6177546   .9984879
-------------+---------------------------------------------------------
ag_vis7_in~2 |         81    .3624195    .1232934   .1419763   .6316357
ag_vis7_ed~2 |         81    .5692501    .1279443   .2572765   .7982752
ag_vis0_in~2 |         81    .0998027    .0922017   .0118947   .4512774
ag_vis6_in~2 |         81    .5377778    .1122098   .3031254   .7591404
       uf_id |         81          14     7.83741          1         27
-------------+---------------------------------------------------------
           t |         81           3    .8215838          2          4
ag_munic_s~e |         81    .0956878    .0483396          0   .2182814
     ag_lgdp |         81    16.54014    1.387594   13.42711   19.85056
ag_small_o~r |         81    .2103619     .085713    .031966   .4056205
 share_other |         81    .2137128    .1156375   7.45e-09   .4999999
-------------+---------------------------------------------------------
ag_ssaude_~1 |         81    .0916115    .0382662   .0225757   .1708123
ag_ssaude_~2 |         81    .1183644    .0355286   .0457972   .2107486
      delec1 |         81    .3333333    .4743416          0          1
      delec2 |         81    .3333333    .4743416          0          1
      delec3 |         81    .3333333    .4743416          0          1

. * check interactions
. br uf year inst* // label of inst not correct, it is not an interaction

. // check distribution of inst in 1998 ( = S in the paper)
. histogram inst if year==1998, bin(27)
(bin=27, start=.14725821, width=.03158303)

. // not all S are = 0.5, there is some variation that we can exploit
. 
. ********************************************************
. * Q.2 Estimation of Equations 6 & 7 from Table 4
. 
. // estimating (6) for the first coefficient in column (1)
. reg d.util_rate inst98e reg2-reg5 if year==1998, r // cl(uf) does the same

Linear regression                               Number of obs     =         27
                                                F(5, 21)          =       6.00
                                                Prob > F          =     0.0013
                                                R-squared         =     0.5193
                                                Root MSE          =      .0341

------------------------------------------------------------------------------
             |               Robust
 D.util_rate |      Coef.   Std. Err.      t    P>|t|     [95% Conf. Interval]
-------------+----------------------------------------------------------------
     inst98e |   .0924739    .037091     2.49   0.021     .0153388    .1696089
        reg2 |   .0247589    .019103     1.30   0.209     -.014968    .0644858
        reg3 |  -.0163108   .0216453    -0.75   0.459    -.0613245     .028703
        reg4 |   .0426867   .0173191     2.46   0.022     .0066697    .0787037
        reg5 |   .0187258   .0137903     1.36   0.189    -.0099526    .0474043
       _cons |   .0898059   .0242864     3.70   0.001     .0392996    .1403121
------------------------------------------------------------------------------

. * as robust std errors, clustered errors are always robust 
. * doesnt matter if we use interatction or just inst, only estimating for 1 year
. * controls (X in equation) are the regions
. * ,r stands for robust standard errors (small sample, so may have issues)
. * d. is the difference operator - same as l., difference from previous value
. * or use util_rate - util_rate[_m-1], or the value of the cell above it
. 
. // estimating (7)
. reg d.util_rate inst02e reg2-reg5 if year==2002, r

Linear regression                               Number of obs     =         27
                                                F(5, 21)          =      39.73
                                                Prob > F          =     0.0000
                                                R-squared         =     0.8195
                                                Root MSE          =      .0183

------------------------------------------------------------------------------
             |               Robust
 D.util_rate |      Coef.   Std. Err.      t    P>|t|     [95% Conf. Interval]
-------------+----------------------------------------------------------------
     inst02e |  -.1111727   .0108943   -10.20   0.000    -.1338287   -.0885168
        reg2 |   .0113739   .0087668     1.30   0.209    -.0068576    .0296054
        reg3 |  -.0301155   .0095958    -3.14   0.005    -.0500711   -.0101599
        reg4 |   .0146303   .0116446     1.26   0.223    -.0095861    .0388466
        reg5 |  -.0084327   .0120595    -0.70   0.492    -.0335118    .0166465
       _cons |   .1491112   .0080122    18.61   0.000     .1324489    .1657736
------------------------------------------------------------------------------

. 
. // corresponding fixed effect regressions
. areg util_rate inst98e delec2 reg2_98-reg5_98 if year!=2002, cl(uf) absorb(uf)

Linear regression, absorbing indicators         Number of obs     =         54
                                                F(   6,     26)   =     155.51
                                                Prob > F          =     0.0000
                                                R-squared         =     0.9763
                                                Adj R-squared     =     0.9401
                                                Root MSE          =     0.0241

                                    (Std. Err. adjusted for 27 clusters in uf)
------------------------------------------------------------------------------
             |               Robust
   util_rate |      Coef.   Std. Err.      t    P>|t|     [95% Conf. Interval]
-------------+----------------------------------------------------------------
     inst98e |   .0924739   .0529566     1.75   0.093      -.01638    .2013278
      delec2 |   .0898059   .0346748     2.59   0.016     .0185308    .1610809
     reg2_98 |   .0247589   .0272743     0.91   0.372    -.0313042     .080822
     reg3_98 |  -.0163108    .030904    -0.53   0.602    -.0798347    .0472132
     reg4_98 |   .0426867   .0247273     1.73   0.096     -.008141    .0935143
     reg5_98 |   .0187258    .019689     0.95   0.350    -.0217456    .0591972
       _cons |   .6992242   .0046855   149.23   0.000      .689593    .7088553
-------------+----------------------------------------------------------------
          uf |   absorbed                                      (27 categories)

. 
. // the original values in the paper come from a partialling out procedure
. // 1) Regress the vote share on the controls
. reg d.util_rate reg2-reg5 if year==1998, r

Linear regression                               Number of obs     =         27
                                                F(4, 22)          =       2.56
                                                Prob > F          =     0.0671
                                                R-squared         =     0.2646
                                                Root MSE          =     .04121

------------------------------------------------------------------------------
             |               Robust
 D.util_rate |      Coef.   Std. Err.      t    P>|t|     [95% Conf. Interval]
-------------+----------------------------------------------------------------
        reg2 |   .0121874   .0275221     0.44   0.662    -.0448899    .0692646
        reg3 |  -.0152436   .0241512    -0.63   0.534    -.0653301    .0348429
        reg4 |   .0562185   .0286129     1.96   0.062     -.003121     .115558
        reg5 |   .0093837   .0213776     0.44   0.665    -.0349507    .0537181
       _cons |   .1406956   .0209978     6.70   0.000     .0971489    .1842422
------------------------------------------------------------------------------

. // predict residuals from regression
. predict res_util_rate_98, resid
(27 missing values generated)

. // 2) regress the electronic vote share on the controls
. reg inst98e reg2-reg5 if year==1998, r

Linear regression                               Number of obs     =         27
                                                F(4, 22)          =       1.38
                                                Prob > F          =     0.2738
                                                R-squared         =     0.1447
                                                Root MSE          =     .26229

------------------------------------------------------------------------------
             |               Robust
     inst98e |      Coef.   Std. Err.      t    P>|t|     [95% Conf. Interval]
-------------+----------------------------------------------------------------
        reg2 |  -.1359468   .1664029    -0.82   0.423    -.4810452    .2091516
        reg3 |   .0115401   .1919277     0.06   0.953    -.3864935    .4095737
        reg4 |   .1463315   .1849416     0.79   0.437    -.2372139    .5298769
        reg5 |   -.101025   .1506326    -0.67   0.509    -.4134178    .2113679
       _cons |   .5503143   .1454788     3.78   0.001     .2486098    .8520187
------------------------------------------------------------------------------

. // predict residuals
. predict res_inst98e, resid

. // 3) Finally, we can regress residuals on residuals
. reg res_util_rate_98 res_inst98e if year==1998, r

Linear regression                               Number of obs     =         27
                                                F(1, 25)          =       7.40
                                                Prob > F          =     0.0117
                                                R-squared         =     0.3464
                                                Root MSE          =     .03126

------------------------------------------------------------------------------
             |               Robust
res_util_~98 |      Coef.   Std. Err.      t    P>|t|     [95% Conf. Interval]
-------------+----------------------------------------------------------------
 res_inst98e |   .0924739   .0339945     2.72   0.012     .0224609    .1624869
       _cons |  -3.84e-10   .0060155    -0.00   1.000    -.0123892    .0123892
------------------------------------------------------------------------------

. 
. // HOMEWORK: Think about a reason why the standard errors come out differently
. // Which ones are the "right" ones that you would choose?
. * Please refer to the pdf for the response.
. 
. /* A general challenge is that we do not have many observations to draw
> statistical conclusions.  On top of this we have few clusters and for each
> cluster, we have only 1-3 observations.  One proposed way to solve the problem
> is to implement bootstrapping. */
. 
. ********************************************************
. * Q.3 Some basic bootstrapping
. 
. /* Bootstrapping is a method of sampling with replacement.  Instead of assuming
> a theoretical distribution for the error terms (e.g. normal), the actual
> sampling distribution is constructed by drawing out of the sample over &
> over again.  A way to think about this procedure of bootstrapping is that you 
> estimate your move 1, store the error terms, re-shuffle them to generate new data
> points, and estimate the model once again.  You do this over and over again
> to generate a distribution of your coefficients.  
> 
>  It is useful to specify a seed to always generate the same randomness; the idea
>  is to generate the same random numbers on all computers.  (check seed help for
>  more information) 
>  
>  For bootstrapping, you should use a large number of repetitions, here we will
>  use 1000.
>  
> * We will need cgmwildboot
> ssc install clustse
> ssc install unique
> // cgmwildboot doesn't allow using d.
> gen dif_utl_rate = d.util_rate
> 
> cgmwildboot dif_utl_rate inst98e reg2-reg5 if year==1998, cl(uf) ///
> bootcluster(uf) seed(1000) reps(1000)
> 
> Program not working, skip for now
> */
. 
. ********************************************************
. * Q.4 Scatter Plots of residuals after partialling out
. 
. twoway scatter res_util_rate_98 res_inst98e if year==1998, ms(circle) ///
> mc(blue) || lfit res_util_rate_98 res_inst98e if year==1998, color(red)

. 
. graph export "$workdir\graph1.pdf", replace 
(file C:\Users\roble\Desktop\Working\STATA\HW 10\graph1.pdf written in PDF format)

. 
. // generate additional residuals for 2002
. // 1) Regress the vote share on the controls
. reg d.util_rate reg2-reg5 if year==2002, r

Linear regression                               Number of obs     =         27
                                                F(4, 22)          =       2.88
                                                Prob > F          =     0.0467
                                                R-squared         =     0.3396
                                                Root MSE          =      .0342

------------------------------------------------------------------------------
             |               Robust
 D.util_rate |      Coef.   Std. Err.      t    P>|t|     [95% Conf. Interval]
-------------+----------------------------------------------------------------
        reg2 |   .0264875   .0234222     1.13   0.270    -.0220872    .0750622
        reg3 |  -.0313985   .0258016    -1.22   0.237    -.0849077    .0221107
        reg4 |  -.0016378   .0280012    -0.06   0.954    -.0597088    .0564332
        reg5 |   .0027985   .0243837     0.11   0.910    -.0477701    .0533672
       _cons |   .0879313   .0213508     4.12   0.000     .0436525    .1322101
------------------------------------------------------------------------------

. // predict residuals from regression
. predict res_util_rate_02, resid
(27 missing values generated)

. // 2) regress the electronic vote share on the controls
. reg inst02e reg2-reg5 if year==2002, r

Linear regression                               Number of obs     =         27
                                                F(4, 22)          =       1.38
                                                Prob > F          =     0.2738
                                                R-squared         =     0.1447
                                                Root MSE          =     .26229

------------------------------------------------------------------------------
             |               Robust
     inst02e |      Coef.   Std. Err.      t    P>|t|     [95% Conf. Interval]
-------------+----------------------------------------------------------------
        reg2 |  -.1359468   .1664029    -0.82   0.423    -.4810452    .2091516
        reg3 |   .0115401   .1919277     0.06   0.953    -.3864935    .4095737
        reg4 |   .1463315   .1849416     0.79   0.437    -.2372139    .5298769
        reg5 |   -.101025   .1506326    -0.67   0.509    -.4134178    .2113679
       _cons |   .5503143   .1454788     3.78   0.001     .2486098    .8520187
------------------------------------------------------------------------------

. // predict residuals
. predict res_inst02e, resid

. 
. twoway scatter res_util_rate_02 res_inst02e if year==2002, ms(circle) ///
> mc(blue) || lfit res_util_rate_02 res_inst02e if year==2002, color(red)

. 
. graph export "$workdir\graph2.pdf", replace 
(file C:\Users\roble\Desktop\Working\STATA\HW 10\graph2.pdf written in PDF format)

. 
. 
. // Residual scatter plots help to reduce the dimensionality and let you check
. // for outliers + you get a sense of the quality of your estimation.
. 
. ********************************************************
. * Q.5 Estimating coefficients for column (3) of Table 4
. 
. // equation (8)
. reg util_rate inst98e delec* reg* duf*, cl(uf)
note: delec1 omitted because of collinearity
note: reg1 omitted because of collinearity
note: reg1_94 omitted because of collinearity
note: reg5_94 omitted because of collinearity
note: reg3_98 omitted because of collinearity
note: reg4_98 omitted because of collinearity
note: reg5_98 omitted because of collinearity
note: reg1_02 omitted because of collinearity
note: reg2_02 omitted because of collinearity
note: duf3 omitted because of collinearity
note: duf6 omitted because of collinearity
note: duf13 omitted because of collinearity
note: duf23 omitted because of collinearity
note: duf26 omitted because of collinearity

Linear regression                               Number of obs     =         81
                                                F(10, 26)         =          .
                                                Prob > F          =          .
                                                R-squared         =     0.9759
                                                Root MSE          =     .02379

                                    (Std. Err. adjusted for 27 clusters in uf)
------------------------------------------------------------------------------
             |               Robust
   util_rate |      Coef.   Std. Err.      t    P>|t|     [95% Conf. Interval]
-------------+----------------------------------------------------------------
     inst98e |   .1018233   .0229241     4.44   0.000     .0547021    .1489445
      delec1 |          0  (omitted)
      delec2 |   .1043311   .0117561     8.87   0.000      .080166    .1284962
      delec3 |   .2286269   .0122399    18.68   0.000     .2034673    .2537864
        reg1 |          0  (omitted)
        reg2 |   .0080148   .0096594     0.83   0.414    -.0118402    .0278699
        reg3 |   .0298582   .0121573     2.46   0.021     .0048686    .0548478
        reg4 |  -.0844532    .013569    -6.22   0.000    -.1123447   -.0565617
        reg5 |  -.0122985   .0094747    -1.30   0.206    -.0317741    .0071771
     reg1_94 |          0  (omitted)
     reg2_94 |  -.0386749   .0224788    -1.72   0.097    -.0848808     .007531
     reg3_94 |    .036089   .0229708     1.57   0.128    -.0111282    .0833063
     reg4_94 |  -.0216482   .0145776    -1.49   0.150    -.0516128    .0083164
     reg5_94 |          0  (omitted)
     reg1_98 |  -.0196704   .0159754    -1.23   0.229    -.0525083    .0131676
     reg2_98 |  -.0323153   .0154361    -2.09   0.046    -.0640447   -.0005859
     reg3_98 |          0  (omitted)
     reg4_98 |          0  (omitted)
     reg5_98 |          0  (omitted)
     reg1_02 |          0  (omitted)
     reg2_02 |          0  (omitted)
     reg3_02 |  -.0105531   .0164931    -0.64   0.528    -.0444551     .023349
     reg4_02 |   .0329325   .0191978     1.72   0.098     -.006529    .0723941
     reg5_02 |   .0121822   .0157145     0.78   0.445    -.0201195    .0444839
        duf1 |   .0198003    .000736    26.90   0.000     .0182874    .0213131
        duf2 |  -.0383395   .0044584    -8.60   0.000    -.0475039   -.0291752
        duf3 |          0  (omitted)
        duf4 |   .0357383   .0034807    10.27   0.000     .0285837     .042893
        duf5 |  -.0530793   .0004074  -130.29   0.000    -.0539167   -.0522419
        duf6 |          0  (omitted)
        duf7 |   .0279511   .0049583     5.64   0.000     .0177592    .0381429
        duf8 |   .0725058   .0015324    47.31   0.000     .0693558    .0756558
        duf9 |  -.0069742   .0002868   -24.32   0.000    -.0075637   -.0063846
       duf10 |   .0155775   .0009118    17.09   0.000     .0137033    .0174516
       duf11 |   .0103989   .0023093     4.50   0.000      .005652    .0151458
       duf12 |   .0131688   .0008431    15.62   0.000     .0114358    .0149017
       duf13 |          0  (omitted)
       duf14 |  -.0508011    .000889   -57.15   0.000    -.0526284   -.0489738
       duf15 |  -.0463482   .0009264   -50.03   0.000    -.0482523    -.044444
       duf16 |  -.0699323   .0005177  -135.09   0.000    -.0709964   -.0688682
       duf17 |   .0017836   .0014576     1.22   0.232    -.0012124    .0047797
       duf18 |  -.0231023   .0005716   -40.42   0.000    -.0242772   -.0219274
       duf19 |   .0482084   .0018101    26.63   0.000     .0444876    .0519292
       duf20 |  -.0271261   .0007961   -34.07   0.000    -.0287625   -.0254896
       duf21 |  -.0199233   .0013724   -14.52   0.000    -.0227443   -.0171023
       duf22 |   .0321088   .0034807     9.22   0.000     .0249541    .0392634
       duf23 |          0  (omitted)
       duf24 |   .0001582   .0011432     0.14   0.891    -.0021917    .0025081
       duf25 |  -.0031448   .0006268    -5.02   0.000    -.0044332   -.0018565
       duf26 |          0  (omitted)
       duf27 |  -.0085362   .0030354    -2.81   0.009    -.0147756   -.0022968
       _cons |   .7120211   .0087732    81.16   0.000     .6939876    .7300547
------------------------------------------------------------------------------

. //other ways to specify the same regression with fixed effects
. areg util_rate inst98e delec* reg*, absorb(uf) cl(uf)
note: delec3 omitted because of collinearity
note: reg1 omitted because of collinearity
note: reg2 omitted because of collinearity
note: reg3 omitted because of collinearity
note: reg4 omitted because of collinearity
note: reg5 omitted because of collinearity
note: reg5_94 omitted because of collinearity
note: reg5_98 omitted because of collinearity
note: reg1_02 omitted because of collinearity
note: reg2_02 omitted because of collinearity
note: reg3_02 omitted because of collinearity
note: reg4_02 omitted because of collinearity
note: reg5_02 omitted because of collinearity

Linear regression, absorbing indicators         Number of obs     =         81
                                                F(  11,     26)   =     269.25
                                                Prob > F          =     0.0000
                                                R-squared         =     0.9759
                                                Adj R-squared     =     0.9551
                                                Root MSE          =     0.0238

                                    (Std. Err. adjusted for 27 clusters in uf)
------------------------------------------------------------------------------
             |               Robust
   util_rate |      Coef.   Std. Err.      t    P>|t|     [95% Conf. Interval]
-------------+----------------------------------------------------------------
     inst98e |   .1018233   .0229241     4.44   0.000     .0547021    .1489445
      delec1 |  -.2408091   .0098555   -24.43   0.000    -.2610673   -.2205508
      delec2 |   -.136478   .0163126    -8.37   0.000     -.170009    -.102947
      delec3 |          0  (omitted)
        reg1 |          0  (omitted)
        reg2 |          0  (omitted)
        reg3 |          0  (omitted)
        reg4 |          0  (omitted)
        reg5 |          0  (omitted)
     reg1_94 |   .0121822   .0157145     0.78   0.445    -.0201195    .0444839
     reg2_94 |  -.0264927   .0212747    -1.25   0.224    -.0702234    .0172381
     reg3_94 |   .0588243   .0304771     1.93   0.065    -.0038222    .1214708
     reg4_94 |  -.0423985   .0230518    -1.84   0.077    -.0897822    .0049852
     reg5_94 |          0  (omitted)
     reg1_98 |  -.0074881   .0156844    -0.48   0.637    -.0397279    .0247516
     reg2_98 |  -.0201331   .0149233    -1.35   0.189    -.0508084    .0105422
     reg3_98 |   .0227353   .0157059     1.45   0.160    -.0095486    .0550191
     reg4_98 |  -.0207503    .018283    -1.13   0.267    -.0583315    .0168309
     reg5_98 |          0  (omitted)
     reg1_02 |          0  (omitted)
     reg2_02 |          0  (omitted)
     reg3_02 |          0  (omitted)
     reg4_02 |          0  (omitted)
     reg5_02 |          0  (omitted)
       _cons |   .9380899   .0046156   203.24   0.000     .9286023    .9475775
-------------+----------------------------------------------------------------
          uf |   absorbed                                      (27 categories)

. areg util_rate inst98e delec2 reg2_98-reg5_98, cl(uf) absorb(uf)

Linear regression, absorbing indicators         Number of obs     =         81
                                                F(   6,     26)   =      20.69
                                                Prob > F          =     0.0000
                                                R-squared         =     0.1928
                                                Adj R-squared     =    -0.3453
                                                Root MSE          =     0.1302

                                    (Std. Err. adjusted for 27 clusters in uf)
------------------------------------------------------------------------------
             |               Robust
   util_rate |      Coef.   Std. Err.      t    P>|t|     [95% Conf. Interval]
-------------+----------------------------------------------------------------
     inst98e |   .1018233   .0216973     4.69   0.000     .0572238    .1464228
      delec2 |  -.0296527   .0154451    -1.92   0.066    -.0614006    .0020952
     reg2_98 |   .0066925   .0122718     0.55   0.590    -.0185326    .0319176
     reg3_98 |   .0069024   .0135228     0.51   0.614    -.0208942     .034699
     reg4_98 |   .0140282   .0121701     1.15   0.260    -.0109877    .0390441
     reg5_98 |   .0135793   .0130076     1.04   0.306    -.0131582    .0403167
       _cons |    .818657   .0012089   677.19   0.000     .8161721     .821142
-------------+----------------------------------------------------------------
          uf |   absorbed                                      (27 categories)

. 
. ********************************************************
. * Q.6 Estimating coefficients for column (4) of Table 4
. 
. // HOMEWORK: run the regression for column (4).  To do so you have to set up
. // an additional variable, which changes the equation of regression (8) in
. // such a way that the estimated coefficient corresponds to 
. // (theta_98+theta_02)/2
. 
. * To replicate column 4, we need the electronic voter proportion interaction, 
. * S in each row.  We also need the change in turnout between 1994-1998 and 
. * from 1998-2002, so define a new util3 variable to capture these amounts
. * in the correct rows.
. 
. gen evprop = 0

. replace evprop = inst98e if year == 1998
(27 real changes made)

. replace evprop = -(1-inst02e) if year == 2002
(22 real changes made)

. 
. gen util3 = 0 if year==1994
(54 missing values generated)

. replace util3 = d.util_rate if year == 1998
(27 real changes made)

. replace util3 = d.util_rate if year == 2002
(27 real changes made)

. 
. reg util3 evprop delec* reg* duf*, cl(uf)
note: delec1 omitted because of collinearity
note: reg1 omitted because of collinearity
note: reg1_94 omitted because of collinearity
note: reg1_98 omitted because of collinearity
note: reg3_98 omitted because of collinearity
note: reg5_98 omitted because of collinearity
note: reg2_02 omitted because of collinearity
note: reg4_02 omitted because of collinearity
note: reg5_02 omitted because of collinearity
note: duf2 omitted because of collinearity
note: duf4 omitted because of collinearity
note: duf13 omitted because of collinearity
note: duf19 omitted because of collinearity
note: duf23 omitted because of collinearity

Linear regression                               Number of obs     =         81
                                                F(10, 26)         =          .
                                                Prob > F          =          .
                                                R-squared         =     0.8761
                                                Root MSE          =     .03385

                                    (Std. Err. adjusted for 27 clusters in uf)
------------------------------------------------------------------------------
             |               Robust
       util3 |      Coef.   Std. Err.      t    P>|t|     [95% Conf. Interval]
-------------+----------------------------------------------------------------
      evprop |  -.0093494     .02444    -0.38   0.705    -.0595865    .0408877
      delec1 |          0  (omitted)
      delec2 |   .1458407   .0309989     4.70   0.000     .0821216    .2095598
      delec3 |   .0771419   .0358303     2.15   0.041     .0034917    .1507921
        reg1 |          0  (omitted)
        reg2 |   .0514143   .0387934     1.33   0.197    -.0283266    .1311552
        reg3 |  -.0360636   .0309042    -1.17   0.254    -.0995881    .0274608
        reg4 |   .0039111   .0407084     0.10   0.924    -.0797662    .0875884
        reg5 |   .0014641   .0277407     0.05   0.958    -.0555577     .058486
     reg1_94 |          0  (omitted)
     reg2_94 |  -.0318016   .0355323    -0.90   0.379    -.1048393    .0412361
     reg3_94 |   .0151357   .0315583     0.48   0.636    -.0497333    .0800047
     reg4_94 |  -.0063154   .0405455    -0.16   0.877    -.0896579     .077027
     reg5_94 |  -.0084391   .0284077    -0.30   0.769     -.066832    .0499537
     reg1_98 |          0  (omitted)
     reg2_98 |  -.0208852   .0363795    -0.57   0.571    -.0956645     .053894
     reg3_98 |          0  (omitted)
     reg4_98 |   .0512712   .0466782     1.10   0.282    -.0446773    .1472197
     reg5_98 |          0  (omitted)
     reg1_02 |   .0065851   .0553523     0.12   0.906    -.1071932    .1203635
     reg2_02 |          0  (omitted)
     reg3_02 |  -.0095698   .0258373    -0.37   0.714     -.062679    .0435395
     reg4_02 |          0  (omitted)
     reg5_02 |          0  (omitted)
        duf1 |   .0055173    .008991     0.61   0.545     -.012964    .0239986
        duf2 |          0  (omitted)
        duf3 |   .0223611   .0074217     3.01   0.006     .0071056    .0376167
        duf4 |          0  (omitted)
        duf5 |  -.0056969   .0103751    -0.55   0.588    -.0270231    .0156294
        duf6 |  -.0339069   .0095064    -3.57   0.001    -.0534476   -.0143663
        duf7 |  -.0015709   .0105722    -0.15   0.883    -.0233025    .0201606
        duf8 |  -.0153541   .0071272    -2.15   0.041    -.0300042   -.0007039
        duf9 |   .0042229   .0006115     6.91   0.000     .0029659    .0054799
       duf10 |  -.0385069   .0114505    -3.36   0.002    -.0620436   -.0149701
       duf11 |   .0037216   .0087837     0.42   0.675    -.0143336    .0217768
       duf12 |  -.0108873   .0017977    -6.06   0.000    -.0145825   -.0071922
       duf13 |          0  (omitted)
       duf14 |   .0549054   .0093172     5.89   0.000     .0357536    .0740572
       duf15 |  -.0210396   .0114816    -1.83   0.078    -.0446404    .0025612
       duf16 |  -.0059205   .0084026    -0.70   0.487    -.0231922    .0113513
       duf17 |  -.0333114   .0126143    -2.64   0.014    -.0592403   -.0073824
       duf18 |   .0094538   .0012188     7.76   0.000     .0069486     .011959
       duf19 |          0  (omitted)
       duf20 |  -.0175351   .0112039    -1.57   0.130     -.040565    .0054949
       duf21 |     .02496    .010348     2.41   0.023     .0036894    .0462306
       duf22 |   .0048336   1.27e-15  3.8e+12   0.000     .0048336    .0048336
       duf23 |          0  (omitted)
       duf24 |   .0052946   .0024376     2.17   0.039      .000284    .0103052
       duf25 |  -.0391271   .0108428    -3.61   0.001    -.0614149   -.0168393
       duf26 |   .0130142   .0038597     3.37   0.002     .0050806    .0209479
       duf27 |   .0195059    .013894     1.40   0.172    -.0090536    .0480655
       _cons |   .0020588   .0051995     0.40   0.695    -.0086288    .0127465
------------------------------------------------------------------------------

. 
. * To match the std error, we need to follow the same partialing out procedure
. * from question 2 above. 
. // 1) Regress the vote share on the controls
. reg util3 delec* reg* duf*, cl(uf)
note: delec1 omitted because of collinearity
note: reg1 omitted because of collinearity
note: reg1_94 omitted because of collinearity
note: reg5_94 omitted because of collinearity
note: reg3_98 omitted because of collinearity
note: reg4_98 omitted because of collinearity
note: reg5_98 omitted because of collinearity
note: reg1_02 omitted because of collinearity
note: reg2_02 omitted because of collinearity
note: duf3 omitted because of collinearity
note: duf6 omitted because of collinearity
note: duf13 omitted because of collinearity
note: duf23 omitted because of collinearity
note: duf26 omitted because of collinearity

Linear regression                               Number of obs     =         81
                                                F(9, 26)          =          .
                                                Prob > F          =          .
                                                R-squared         =     0.8759
                                                Root MSE          =     .03349

                                    (Std. Err. adjusted for 27 clusters in uf)
------------------------------------------------------------------------------
             |               Robust
       util3 |      Coef.   Std. Err.      t    P>|t|     [95% Conf. Interval]
-------------+----------------------------------------------------------------
      delec1 |          0  (omitted)
      delec2 |   .1500792   .0049762    30.16   0.000     .1398506    .1603079
      delec3 |   .0879313   .0264824     3.32   0.003      .033496    .1423666
        reg1 |          0  (omitted)
        reg2 |   .0109382   .0290065     0.38   0.709    -.0486854    .0705619
        reg3 |  -.0243273   .0106795    -2.28   0.031    -.0462794   -.0023752
        reg4 |    .055789   .0224169     2.49   0.020     .0097104    .1018676
        reg5 |  -.0086827   .0051783    -1.68   0.106    -.0193269    .0019614
     reg1_94 |          0  (omitted)
     reg2_94 |  -.0264875   .0290517    -0.91   0.370    -.0862041    .0332291
     reg3_94 |   .0246273   .0156141     1.58   0.127    -.0074679    .0567225
     reg4_94 |  -.0468348   .0246167    -1.90   0.068    -.0974352    .0037655
     reg5_94 |          0  (omitted)
     reg1_98 |  -.0093837   .0265156    -0.35   0.726    -.0638873      .04512
     reg2_98 |  -.0236838   .0404731    -0.59   0.563    -.1068775    .0595099
     reg3_98 |          0  (omitted)
     reg4_98 |          0  (omitted)
     reg5_98 |          0  (omitted)
     reg1_02 |          0  (omitted)
     reg2_02 |          0  (omitted)
     reg3_02 |  -.0067712   .0315765    -0.21   0.832    -.0716776    .0581352
     reg4_02 |  -.0484726   .0497395    -0.97   0.339    -.1507137    .0537684
     reg5_02 |   .0027985   .0302442     0.09   0.927    -.0593693    .0649664
        duf1 |  -.0162435   4.10e-16 -4.0e+13   0.000    -.0162435   -.0162435
        duf2 |   .0302703   4.34e-16  7.0e+13   0.000     .0302703    .0302703
        duf3 |          0  (omitted)
        duf4 |  -.0252003   4.07e-16 -6.2e+13   0.000    -.0252003   -.0252003
        duf5 |   .0285424   4.81e-16  5.9e+13   0.000     .0285424    .0285424
        duf6 |          0  (omitted)
        duf7 |  -.0056153   3.86e-16 -1.5e+13   0.000    -.0056153   -.0056153
        duf8 |  -.0271183   6.86e-16 -4.0e+13   0.000    -.0271183   -.0271183
        duf9 |    .003989   3.85e-16  1.0e+13   0.000      .003989     .003989
       duf10 |  -.0038562   4.59e-16 -8.4e+12   0.000    -.0038562   -.0038562
       duf11 |  -.0074089   6.95e-16 -1.1e+13   0.000    -.0074089   -.0074089
       duf12 |   -.011575   3.86e-16 -3.0e+13   0.000     -.011575    -.011575
       duf13 |          0  (omitted)
       duf14 |   .0332694   4.00e-16  8.3e+13   0.000     .0332694    .0332694
       duf15 |    .013623   4.56e-16  3.0e+13   0.000      .013623     .013623
       duf16 |   .0275642   4.53e-16  6.1e+13   0.000     .0275642    .0275642
       duf17 |   .0017845   4.57e-16  3.9e+12   0.000     .0017845    .0017845
       duf18 |   .0099201   5.63e-17  1.8e+14   0.000     .0099201    .0099201
       duf19 |  -.0144907   6.52e-16 -2.2e+13   0.000    -.0144907   -.0144907
       duf20 |   .0170213   4.56e-16  3.7e+13   0.000     .0170213    .0170213
       duf21 |   .0037183   3.83e-16  9.7e+12   0.000     .0037183    .0037183
       duf22 |  -.0203667   3.83e-16 -5.3e+13   0.000    -.0203667   -.0203667
       duf23 |          0  (omitted)
       duf24 |   .0062271   5.56e-17  1.1e+14   0.000     .0062271    .0062271
       duf25 |  -.0047089   4.45e-16 -1.1e+13   0.000    -.0047089   -.0047089
       duf26 |          0  (omitted)
       duf27 |  -.0003793   3.76e-16 -1.0e+12   0.000    -.0003793   -.0003793
       _cons |   .0033003   .0040334     0.82   0.421    -.0049903     .011591
------------------------------------------------------------------------------

. // predict residuals from regression
. predict util3resid, resid

. // 2) regress the electronic vote share on the controls
. reg evprop delec* reg* duf*, cl(uf)
note: delec1 omitted because of collinearity
note: reg1 omitted because of collinearity
note: reg1_94 omitted because of collinearity
note: reg5_94 omitted because of collinearity
note: reg3_98 omitted because of collinearity
note: reg4_98 omitted because of collinearity
note: reg5_98 omitted because of collinearity
note: reg1_02 omitted because of collinearity
note: reg2_02 omitted because of collinearity
note: duf3 omitted because of collinearity
note: duf6 omitted because of collinearity
note: duf13 omitted because of collinearity
note: duf23 omitted because of collinearity
note: duf26 omitted because of collinearity

Linear regression                               Number of obs     =         81
                                                F(4, 26)          =          .
                                                Prob > F          =          .
                                                R-squared         =     0.9408
                                                Root MSE          =     .15143

                                    (Std. Err. adjusted for 27 clusters in uf)
------------------------------------------------------------------------------
             |               Robust
      evprop |      Coef.   Std. Err.      t    P>|t|     [95% Conf. Interval]
-------------+----------------------------------------------------------------
      delec1 |          0  (omitted)
      delec2 |   .4492893   .0484546     9.27   0.000     .3496894    .5488893
      delec3 |  -.4496857   .1804442    -2.49   0.019     -.820594   -.0787774
        reg1 |          0  (omitted)
        reg2 |   -.001705   .0687991    -0.02   0.980    -.1431235    .1397136
        reg3 |   .2337799   .1396353     1.67   0.106    -.0532445    .5208043
        reg4 |   .4244567   .1380143     3.08   0.005     .1407642    .7081492
        reg5 |   .1826574   .1245578     1.47   0.155    -.0733748    .4386897
     reg1_94 |          0  (omitted)
     reg2_94 |   .1359468   .2063973     0.66   0.516     -.288309    .5602026
     reg3_94 |  -.1125651   .1626618    -0.69   0.495    -.4469212     .221791
     reg4_94 |  -.2473565   .1496942    -1.65   0.110    -.5550572    .0603443
     reg5_94 |          0  (omitted)
     reg1_98 |    .101025   .1868367     0.54   0.593    -.2830234    .4850733
     reg2_98 |    .101025   .1868367     0.54   0.593    -.2830234    .4850733
     reg3_98 |          0  (omitted)
     reg4_98 |          0  (omitted)
     reg5_98 |          0  (omitted)
     reg1_02 |          0  (omitted)
     reg2_02 |          0  (omitted)
     reg3_02 |   -.101025   .1868367    -0.54   0.593    -.4850733    .2830234
     reg4_02 |   -.101025   .1868367    -0.54   0.593    -.4850733    .2830234
     reg5_02 |   -.101025   .1868367    -0.54   0.593    -.4850733    .2830234
        duf1 |  -.0642113   1.91e-15 -3.4e+13   0.000    -.0642113   -.0642113
        duf2 |   .3889684   2.30e-15  1.7e+14   0.000     .3889684    .3889684
        duf3 |          0  (omitted)
        duf4 |   .3036708   1.98e-15  1.5e+14   0.000     .3036708    .3036708
        duf5 |  -.0355437   1.93e-15 -1.8e+13   0.000    -.0355437   -.0355437
        duf6 |          0  (omitted)
        duf7 |   .4325791   9.96e-16  4.3e+14   0.000     .4325791    .4325791
        duf8 |   -.133696   3.85e-15 -3.5e+13   0.000     -.133696    -.133696
        duf9 |   .0250214   6.40e-16  3.9e+13   0.000     .0250214    .0250214
       duf10 |  -.0795453   1.91e-15 -4.2e+13   0.000    -.0795453   -.0795453
       duf11 |  -.2014753   3.87e-15 -5.2e+13   0.000    -.2014753   -.2014753
       duf12 |   .0735538   6.57e-16  1.1e+14   0.000     .0735538    .0735538
       duf13 |          0  (omitted)
       duf14 |  -.0775567   1.91e-15 -4.1e+13   0.000    -.0775567   -.0775567
       duf15 |  -.0808194   1.89e-15 -4.3e+13   0.000    -.0808194   -.0808194
       duf16 |   .0451633   1.86e-15  2.4e+13   0.000     .0451633    .0451633
       duf17 |  -.1271632   1.87e-15 -6.8e+13   0.000    -.1271632   -.1271632
       duf18 |  -.0498673   2.26e-16 -2.2e+14   0.000    -.0498673   -.0498673
       duf19 |   .1579245   3.70e-15  4.3e+13   0.000     .1579245    .1579245
       duf20 |  -.0694568   1.88e-15 -3.7e+13   0.000    -.0694568   -.0694568
       duf21 |  -.1197337   1.92e-15 -6.2e+13   0.000    -.1197337   -.1197337
       duf22 |   .3036708   1.93e-15  1.6e+14   0.000     .3036708    .3036708
       duf23 |          0  (omitted)
       duf24 |  -.0997394   1.88e-16 -5.3e+14   0.000    -.0997394   -.0997394
       duf25 |   -.054683   1.85e-15 -3.0e+13   0.000     -.054683    -.054683
       duf26 |          0  (omitted)
       duf27 |  -.2648237   1.93e-15 -1.4e+14   0.000    -.2648237   -.2648237
       _cons |  -.1327886   .1202961    -1.10   0.280    -.3800608    .1144837
------------------------------------------------------------------------------

. // predict residuals
. predict evpropresid, resid

. // 3) Finally, we can regress residuals on residuals
. reg util3resid evpropresid, cl(uf)

Linear regression                               Number of obs     =         81
                                                F(1, 26)          =       0.27
                                                Prob > F          =     0.6085
                                                R-squared         =     0.0018
                                                Root MSE          =     .02497

                                    (Std. Err. adjusted for 27 clusters in uf)
------------------------------------------------------------------------------
             |               Robust
  util3resid |      Coef.   Std. Err.      t    P>|t|     [95% Conf. Interval]
-------------+----------------------------------------------------------------
 evpropresid |  -.0093494   .0180311    -0.52   0.608    -.0464128     .027714
       _cons |   1.26e-10   8.34e-11     1.51   0.144    -4.56e-11    2.97e-10
------------------------------------------------------------------------------

. * this now matches column 4
. 
. ********************************************************
. * Q.7 Generating a plot to investigate the impact of outliers
. 
. // Loop eq (8), always leaving out one state.  Store the coefficients, lower
. // bound and upper bound.  
. 
. gen coef = .
(81 missing values generated)

. gen lb = .
(81 missing values generated)

. gen ub = .
(81 missing values generated)

. 
. lab var coef "Coefficient, leaving out one state"

. lab var lb "Lower bound of 95% CI"

. lab var ub "Upper bound of 95% CI"

. 
. forvalues uf=1/27 {
  2. local line = `uf'*3
  3.   reg util_rate inst98e duf2-duf27 delec2 delec3 reg?_* if uf_id!=`uf', cl(uf)
  4.   replace coef = _b[inst98e] in `line'
  5.   replace lb = _b[inst98e] - _se[inst98e]*1.96 in `line'
  6.   replace ub = _b[inst98e] + _se[inst98e]*1.96 in `line'
  7. }
note: duf25 omitted because of collinearity
note: duf26 omitted because of collinearity
note: duf27 omitted because of collinearity
note: reg1_94 omitted because of collinearity
note: reg4_94 omitted because of collinearity
note: reg5_98 omitted because of collinearity
note: reg1_02 omitted because of collinearity
note: reg5_02 omitted because of collinearity

Linear regression                               Number of obs     =         78
                                                F(10, 25)         =          .
                                                Prob > F          =          .
                                                R-squared         =     0.9762
                                                Root MSE          =     .02391

                                    (Std. Err. adjusted for 26 clusters in uf)
------------------------------------------------------------------------------
             |               Robust
   util_rate |      Coef.   Std. Err.      t    P>|t|     [95% Conf. Interval]
-------------+----------------------------------------------------------------
     inst98e |   .1025966    .022653     4.53   0.000     .0559419    .1492512
        duf2 |  -.0353662    .005025    -7.04   0.000    -.0457154    -.025017
        duf3 |   .0084338   .0029995     2.81   0.009     .0022562    .0146114
        duf4 |   .0440547    .006439     6.84   0.000     .0307933    .0573162
        duf5 |  -.0499419   .0002168  -230.38   0.000    -.0503883   -.0494954
        duf6 |   .0031237   .0006194     5.04   0.000     .0018481    .0043993
        duf7 |   .1339537   .0138854     9.65   0.000     .1053561    .1625513
        duf8 |   .0725575   .0015143    47.91   0.000     .0694387    .0756763
        duf9 |   .0991861   .0139333     7.12   0.000     .0704899    .1278823
       duf10 |   .0187319   .0002816    66.52   0.000     .0181519    .0193119
       duf11 |   .0104768    .002282     4.59   0.000     .0057769    .0151767
       duf12 |   .1193102   .0138471     8.62   0.000     .0907915    .1478289
       duf13 |   .1061699    .013986     7.59   0.000     .0773652    .1349745
       duf14 |  -.0423373   .0021211   -19.96   0.000    -.0467057   -.0379689
       duf15 |  -.0431932    .000296  -145.91   0.000    -.0438029   -.0425835
       duf16 |  -.0668261   .0011309   -59.09   0.000    -.0691552   -.0644969
       duf17 |   .0049565   .0008209     6.04   0.000     .0032657    .0066473
       duf18 |      .0829   .0179856     4.61   0.000      .045858     .119942
       duf19 |   .0481473   .0017887    26.92   0.000     .0444634    .0518313
       duf20 |  -.0239755   .0001673  -143.28   0.000    -.0243201   -.0236309
       duf21 |  -.0114432   .0016434    -6.96   0.000    -.0148278   -.0080587
       duf22 |   .0404251    .006439     6.28   0.000     .0271637    .0536866
       duf23 |    .105983   .0179307     5.91   0.000     .0690541    .1429119
       duf24 |   .1061797    .018058     5.88   0.000     .0689886    .1433709
       duf25 |          0  (omitted)
       duf26 |          0  (omitted)
       duf27 |          0  (omitted)
      delec2 |   .0918015   .0212371     4.32   0.000     .0480628    .1355401
      delec3 |   .2286269   .0123068    18.58   0.000     .2032806    .2539731
     reg1_94 |          0  (omitted)
     reg2_94 |   .0723343   .0150174     4.82   0.000     .0414053    .1032633
     reg3_94 |   .1609659   .0219016     7.35   0.000     .1158586    .2060732
     reg4_94 |          0  (omitted)
     reg5_94 |  -.0121822   .0158003    -0.77   0.448    -.0447236    .0203592
     reg1_98 |  -.0075663   .0156946    -0.48   0.634    -.0398898    .0247573
     reg2_98 |    .090903   .0214556     4.24   0.000     .0467144    .1350917
     reg3_98 |   .1386621   .0221934     6.25   0.000     .0929538    .1843703
     reg4_98 |   .0336391   .0219094     1.54   0.137    -.0114841    .0787624
     reg5_98 |          0  (omitted)
     reg1_02 |          0  (omitted)
     reg2_02 |   .1110091   .0186574     5.95   0.000     .0725836    .1494347
     reg3_02 |   .1206454   .0220044     5.48   0.000     .0753265    .1659644
     reg4_02 |   .0545807   .0242995     2.25   0.034      .004535    .1046264
     reg5_02 |          0  (omitted)
       _cons |   .6059026   .0107543    56.34   0.000     .5837536    .6280516
------------------------------------------------------------------------------
(1 real change made)
(1 real change made)
(1 real change made)
note: duf2 omitted because of collinearity
note: duf25 omitted because of collinearity
note: duf26 omitted because of collinearity
note: reg1_94 omitted because of collinearity
note: reg4_94 omitted because of collinearity
note: reg1_98 omitted because of collinearity
note: reg5_98 omitted because of collinearity
note: reg1_02 omitted because of collinearity

Linear regression                               Number of obs     =         78
                                                F(10, 25)         =          .
                                                Prob > F          =          .
                                                R-squared         =     0.9767
                                                Root MSE          =     .02322

                                    (Std. Err. adjusted for 26 clusters in uf)
------------------------------------------------------------------------------
             |               Robust
   util_rate |      Coef.   Std. Err.      t    P>|t|     [95% Conf. Interval]
-------------+----------------------------------------------------------------
     inst98e |    .087706   .0231927     3.78   0.001     .0399397    .1354723
        duf2 |          0  (omitted)
        duf3 |   -.019347   .0007446   -25.98   0.000    -.0208806   -.0178135
        duf4 |   .0185348   .0042661     4.34   0.000     .0097486     .027321
        duf5 |  -.0497994   .0002219  -224.37   0.000    -.0502565   -.0493423
        duf6 |   .0035308   .0006341     5.57   0.000     .0022248    .0048368
        duf7 |   .1358558   .0141431     9.61   0.000     .1067275    .1649841
        duf8 |   .0715621   .0015504    46.16   0.000      .068369    .0747552
        duf9 |   .0980538   .0141159     6.95   0.000     .0689816     .127126
       duf10 |   .0185468   .0002883    64.33   0.000      .017953    .0191406
       duf11 |   .0089768   .0023364     3.84   0.001     .0041649    .0137886
       duf12 |   .1185393   .0140359     8.45   0.000     .0896318    .1474467
       duf13 |   .1048513   .0141657     7.40   0.000     .0756766    .1340261
       duf14 |  -.0706955   .0001548  -456.81   0.000    -.0710143   -.0703768
       duf15 |  -.0433878   .0003031  -143.15   0.000     -.044012   -.0427636
       duf16 |  -.0660827   .0011579   -57.07   0.000    -.0684673    -.063698
       duf17 |   .0044169   .0008405     5.25   0.000     .0026858    .0061479
       duf18 |    .088632   .0200373     4.42   0.000     .0473644    .1298996
       duf19 |   .0493231   .0018313    26.93   0.000     .0455514    .0530948
       duf20 |  -.0240855   .0001713  -140.59   0.000    -.0244384   -.0237327
       duf21 |  -.0401155   .0006439   -62.30   0.000    -.0414415   -.0387894
       duf22 |   .0149053   .0042661     3.49   0.002     .0061191    .0236914
       duf23 |   .1120863   .0199876     5.61   0.000     .0709211    .1532515
       duf24 |   .1115405   .0201036     5.55   0.000     .0701364    .1529446
       duf25 |          0  (omitted)
       duf26 |          0  (omitted)
       duf27 |  -.0297525   .0023264   -12.79   0.000    -.0345438   -.0249613
      delec2 |   .0924297   .0195965     4.72   0.000       .05207    .1327895
      delec3 |   .2286269   .0123068    18.58   0.000     .2032806    .2539731
     reg1_94 |          0  (omitted)
     reg2_94 |   .0763384   .0150444     5.07   0.000     .0453538    .1073229
     reg3_94 |   .1910012   .0197661     9.66   0.000     .1502922    .2317102
     reg4_94 |          0  (omitted)
     reg5_94 |  -.0182442   .0165046    -1.11   0.280     -.052236    .0157477
     reg1_98 |          0  (omitted)
     reg2_98 |   .0930161   .0199928     4.65   0.000     .0518402     .134192
     reg3_98 |   .1747454   .0198808     8.79   0.000     .1338001    .2156907
     reg4_98 |   .0433844    .021194     2.05   0.051    -.0002656    .0870343
     reg5_98 |          0  (omitted)
     reg1_02 |          0  (omitted)
     reg2_02 |   .1082552   .0188098     5.76   0.000     .0695156    .1469948
     reg3_02 |   .1443591   .0210272     6.87   0.000     .1010528    .1876654
     reg4_02 |   .0545807   .0242995     2.25   0.034      .004535    .1046264
     reg5_02 |  -.0060619   .0170533    -0.36   0.725    -.0411839      .02906
       _cons |   .6062325   .0110057    55.08   0.000     .5835658    .6288992
------------------------------------------------------------------------------
(1 real change made)
(1 real change made)
(1 real change made)
note: duf3 omitted because of collinearity
note: duf25 omitted because of collinearity
note: duf26 omitted because of collinearity
note: reg1_94 omitted because of collinearity
note: reg4_94 omitted because of collinearity
note: reg5_98 omitted because of collinearity
note: reg1_02 omitted because of collinearity
note: reg5_02 omitted because of collinearity

Linear regression                               Number of obs     =         78
                                                F(10, 25)         =          .
                                                Prob > F          =          .
                                                R-squared         =     0.9753
                                                Root MSE          =     .02433

                                    (Std. Err. adjusted for 26 clusters in uf)
------------------------------------------------------------------------------
             |               Robust
   util_rate |      Coef.   Std. Err.      t    P>|t|     [95% Conf. Interval]
-------------+----------------------------------------------------------------
     inst98e |   .1017906   .0231121     4.40   0.000     .0541903    .1493909
        duf2 |  -.0351874   .0051269    -6.86   0.000    -.0457464   -.0246285
        duf3 |          0  (omitted)
        duf4 |   .0159441   .0042513     3.75   0.001     .0071884    .0246997
        duf5 |  -.0499342   .0002212  -225.77   0.000    -.0503897   -.0494786
        duf6 |   .0031457   .0006319     4.98   0.000     .0018443    .0044472
        duf7 |   .1340567   .0139108     9.64   0.000     .1054069    .1627064
        duf8 |   .0725036    .001545    46.93   0.000     .0693216    .0756856
        duf9 |   .0991248   .0139436     7.11   0.000     .0704074    .1278421
       duf10 |   .0187219   .0002873    65.16   0.000     .0181302    .0193136
       duf11 |   .0103956   .0023283     4.46   0.000     .0056005    .0151908
       duf12 |   .1192685    .013856     8.61   0.000     .0907316    .1478054
       duf13 |   .1060985   .0139973     7.58   0.000     .0772705    .1349265
       duf14 |  -.0706016   .0001542  -457.80   0.000    -.0709192   -.0702839
       duf15 |  -.0432038    .000302  -143.04   0.000    -.0438258   -.0425817
       duf16 |  -.0667858   .0011538   -57.88   0.000    -.0691622   -.0644095
       duf17 |   .0049273   .0008376     5.88   0.000     .0032022    .0066523
       duf18 |   .0828821   .0179953     4.61   0.000       .04582    .1199442
       duf19 |    .048211    .001825    26.42   0.000     .0444523    .0519696
       duf20 |  -.0239815   .0001707  -140.47   0.000    -.0243331   -.0236299
       duf21 |  -.0397245   .0006416   -61.91   0.000    -.0410459    -.038403
       duf22 |   .0123145   .0042513     2.90   0.008     .0035589    .0210702
       duf23 |   .1059852   .0179403     5.91   0.000     .0690364     .142934
       duf24 |   .1061418   .0180686     5.87   0.000     .0689288    .1433547
       duf25 |          0  (omitted)
       duf26 |          0  (omitted)
       duf27 |  -.0283397   .0023183   -12.22   0.000    -.0331143   -.0235651
      delec2 |   .0921636   .0213372     4.32   0.000     .0482188    .1361084
      delec3 |   .2286269   .0123068    18.58   0.000     .2032806    .2539731
     reg1_94 |          0  (omitted)
     reg2_94 |    .072295   .0150377     4.81   0.000     .0413242    .1032657
     reg3_94 |   .1926112   .0224727     8.57   0.000     .1463279    .2388945
     reg4_94 |          0  (omitted)
     reg5_94 |  -.0121822   .0158003    -0.77   0.448    -.0447236    .0203592
     reg1_98 |  -.0074848   .0157738    -0.47   0.639    -.0399717     .025002
     reg2_98 |   .0908356   .0214815     4.23   0.000     .0465936    .1350776
     reg3_98 |   .1682154   .0218852     7.69   0.000     .1231421    .2132887
     reg4_98 |   .0338385   .0219847     1.54   0.136    -.0114399    .0791169
     reg5_98 |          0  (omitted)
     reg1_02 |          0  (omitted)
     reg2_02 |   .1109698   .0186597     5.95   0.000     .0725395    .1494001
     reg3_02 |    .144169   .0218083     6.61   0.000      .099254     .189084
     reg4_02 |   .0545807   .0242995     2.25   0.034      .004535    .1046264
     reg5_02 |          0  (omitted)
       _cons |   .6059205   .0107673    56.27   0.000     .5837448    .6280961
------------------------------------------------------------------------------
(1 real change made)
(1 real change made)
(1 real change made)
note: duf4 omitted because of collinearity
note: duf25 omitted because of collinearity
note: duf26 omitted because of collinearity
note: reg1_94 omitted because of collinearity
note: reg4_94 omitted because of collinearity
note: reg5_98 omitted because of collinearity
note: reg1_02 omitted because of collinearity
note: reg5_02 omitted because of collinearity

Linear regression                               Number of obs     =         78
                                                F(10, 25)         =          .
                                                Prob > F          =          .
                                                R-squared         =     0.9780
                                                Root MSE          =     .02276

                                    (Std. Err. adjusted for 26 clusters in uf)
------------------------------------------------------------------------------
             |               Robust
   util_rate |      Coef.   Std. Err.      t    P>|t|     [95% Conf. Interval]
-------------+----------------------------------------------------------------
     inst98e |   .1124554   .0250177     4.50   0.000     .0609304    .1639803
        duf2 |  -.0375532   .0055496    -6.77   0.000    -.0489827   -.0261236
        duf3 |  -.0201416   .0008032   -25.08   0.000    -.0217959   -.0184874
        duf4 |          0  (omitted)
        duf5 |  -.0500362   .0002394  -209.00   0.000    -.0505293   -.0495431
        duf6 |   .0028541    .000684     4.17   0.000     .0014454    .0042629
        duf7 |   .1326943   .0138104     9.61   0.000     .1042512    .1611375
        duf8 |   .0732165   .0016724    43.78   0.000     .0697722    .0766609
        duf9 |   .0999357   .0139101     7.18   0.000     .0712873    .1285842
       duf10 |   .0188545    .000311    60.63   0.000     .0182139     .019495
       duf11 |     .01147   .0025202     4.55   0.000     .0062795    .0166605
       duf12 |   .1198206   .0137999     8.68   0.000     .0913993     .148242
       duf13 |   .1070429   .0139769     7.66   0.000     .0782568    .1358289
       duf14 |  -.0705304   .0001669  -422.50   0.000    -.0708742   -.0701866
       duf15 |  -.0430644   .0003269  -131.72   0.000    -.0437377   -.0423911
       duf16 |  -.0673183    .001249   -53.90   0.000    -.0698905    -.064746
       duf17 |   .0053138   .0009066     5.86   0.000     .0034465     .007181
       duf18 |   .0831184   .0178798     4.65   0.000     .0462942    .1199426
       duf19 |   .0473688   .0019755    23.98   0.000     .0433003    .0514374
       duf20 |  -.0239027   .0001848  -129.34   0.000    -.0242833   -.0235221
       duf21 |  -.0394284   .0006945   -56.77   0.000    -.0408588    -.037998
       duf22 |   .0103528   .0046018     2.25   0.034     .0008753    .0198304
       duf23 |   .1059556   .0178195     5.95   0.000     .0692556    .1426556
       duf24 |    .106644   .0179616     5.94   0.000     .0696514    .1436366
       duf25 |          0  (omitted)
       duf26 |          0  (omitted)
       duf27 |    -.02727   .0025094   -10.87   0.000    -.0324383   -.0221017
      delec2 |    .087372   .0217944     4.01   0.000     .0424857    .1322584
      delec3 |   .2286269   .0123068    18.58   0.000     .2032806    .2539731
     reg1_94 |          0  (omitted)
     reg2_94 |   .0728151   .0148069     4.92   0.000     .0423197    .1033105
     reg3_94 |   .1853384   .0201599     9.19   0.000     .1438182    .2268586
     reg4_94 |          0  (omitted)
     reg5_94 |  -.0121822   .0158003    -0.77   0.448    -.0447236    .0203592
     reg1_98 |  -.0085623   .0149405    -0.57   0.572    -.0393327    .0222082
     reg2_98 |   .0917281   .0212288     4.32   0.000     .0480066    .1354497
     reg3_98 |   .1708816   .0217353     7.86   0.000      .126117    .2156462
     reg4_98 |   .0312005   .0215391     1.45   0.160    -.0131601    .0755611
     reg5_98 |          0  (omitted)
     reg1_02 |          0  (omitted)
     reg2_02 |   .1114899   .0186653     5.97   0.000     .0730481    .1499318
     reg3_02 |   .1494963   .0207661     7.20   0.000     .1067277     .192265
     reg4_02 |   .0545807   .0242995     2.25   0.034      .004535    .1046264
     reg5_02 |          0  (omitted)
       _cons |   .6056842   .0106143    57.06   0.000     .5838236    .6275448
------------------------------------------------------------------------------
(1 real change made)
(1 real change made)
(1 real change made)
note: duf5 omitted because of collinearity
note: duf25 omitted because of collinearity
note: duf26 omitted because of collinearity
note: reg1_94 omitted because of collinearity
note: reg4_94 omitted because of collinearity
note: reg1_98 omitted because of collinearity
note: reg5_98 omitted because of collinearity
note: reg1_02 omitted because of collinearity

Linear regression                               Number of obs     =         78
                                                F(10, 25)         =          .
                                                Prob > F          =          .
                                                R-squared         =     0.9757
                                                Root MSE          =     .02367

                                    (Std. Err. adjusted for 26 clusters in uf)
------------------------------------------------------------------------------
             |               Robust
   util_rate |      Coef.   Std. Err.      t    P>|t|     [95% Conf. Interval]
-------------+----------------------------------------------------------------
     inst98e |   .1016442    .022874     4.44   0.000     .0545344    .1487541
        duf2 |   -.035155    .005074    -6.93   0.000    -.0456052   -.0247048
        duf3 |  -.0197945   .0007344   -26.95   0.000     -.021307    -.018282
        duf4 |    .015971   .0042075     3.80   0.001     .0073056    .0246364
        duf5 |          0  (omitted)
        duf6 |   .0031497   .0006254     5.04   0.000     .0018617    .0044378
        duf7 |   .1340754   .0139062     9.64   0.000      .105435    .1627157
        duf8 |   .0724938   .0015291    47.41   0.000     .0693446     .075643
        duf9 |   .0991136   .0139427     7.11   0.000     .0703981    .1278292
       duf10 |   .0187201   .0002843    65.83   0.000     .0181344    .0193057
       duf11 |   .0103809   .0023043     4.51   0.000     .0056352    .0151266
       duf12 |   .1192609   .0138564     8.61   0.000     .0907232    .1477986
       duf13 |   .1060856   .0139956     7.58   0.000      .077261    .1349101
       duf14 |  -.0706025   .0001526  -462.57   0.000    -.0709169   -.0702882
       duf15 |  -.0432057   .0002989  -144.54   0.000    -.0438213     -.04259
       duf16 |  -.0667785   .0011419   -58.48   0.000    -.0691304   -.0644267
       duf17 |    .004922    .000829     5.94   0.000     .0032147    .0066292
       duf18 |   .0903489   .0194677     4.64   0.000     .0502544    .1304435
       duf19 |   .0482225   .0018062    26.70   0.000     .0445026    .0519424
       duf20 |  -.0239826    .000169  -141.94   0.000    -.0243305   -.0236346
       duf21 |  -.0397285    .000635   -62.56   0.000    -.0410364   -.0384207
       duf22 |   .0123414   .0042075     2.93   0.007      .003676    .0210069
       duf23 |   .1134557   .0193773     5.86   0.000     .0735474    .1533639
       duf24 |   .1136049   .0195744     5.80   0.000     .0732907    .1539192
       duf25 |          0  (omitted)
       duf26 |          0  (omitted)
       duf27 |  -.0283544   .0022944   -12.36   0.000    -.0330798    -.023629
      delec2 |   .0847593   .0198356     4.27   0.000     .0439072    .1256114
      delec3 |   .2286269   .0123068    18.58   0.000     .2032806    .2539731
     reg1_94 |          0  (omitted)
     reg2_94 |   .0751465   .0154172     4.87   0.000     .0433943    .1068988
     reg3_94 |   .1918382   .0200238     9.58   0.000     .1505984     .233078
     reg4_94 |          0  (omitted)
     reg5_94 |  -.0196523   .0160639    -1.22   0.233    -.0527366     .013432
     reg1_98 |          0  (omitted)
     reg2_98 |    .098686   .0196798     5.01   0.000     .0581546    .1392173
     reg3_98 |   .1754216   .0196092     8.95   0.000     .1350356    .2158075
     reg4_98 |   .0413447   .0195565     2.11   0.045     .0010674    .0816221
     reg5_98 |          0  (omitted)
     reg1_02 |          0  (omitted)
     reg2_02 |   .1077114   .0185927     5.79   0.000      .069419    .1460037
     reg3_02 |   .1451961   .0206239     7.04   0.000     .1027204    .1876718
     reg4_02 |   .0545807   .0242995     2.25   0.034      .004535    .1046264
     reg5_02 |  -.0074701   .0157831    -0.47   0.640    -.0399759    .0250358
       _cons |   .6059237   .0107693    56.26   0.000     .5837439    .6281035
------------------------------------------------------------------------------
(1 real change made)
(1 real change made)
(1 real change made)
note: duf6 omitted because of collinearity
note: duf25 omitted because of collinearity
note: duf26 omitted because of collinearity
note: reg1_94 omitted because of collinearity
note: reg4_94 omitted because of collinearity
note: reg1_98 omitted because of collinearity
note: reg5_98 omitted because of collinearity
note: reg1_02 omitted because of collinearity

Linear regression                               Number of obs     =         78
                                                F(10, 25)         =          .
                                                Prob > F          =          .
                                                R-squared         =     0.9761
                                                Root MSE          =     .02393

                                    (Std. Err. adjusted for 26 clusters in uf)
------------------------------------------------------------------------------
             |               Robust
   util_rate |      Coef.   Std. Err.      t    P>|t|     [95% Conf. Interval]
-------------+----------------------------------------------------------------
     inst98e |   .1018419   .0226503     4.50   0.000     .0551928     .148491
        duf2 |  -.0351988   .0050244    -7.01   0.000    -.0455468   -.0248509
        duf3 |  -.0198009   .0007272   -27.23   0.000    -.0212986   -.0183032
        duf4 |   .0159346   .0041663     3.82   0.001      .007354    .0245153
        duf5 |  -.0499346   .0002168  -230.37   0.000    -.0503811   -.0494882
        duf6 |          0  (omitted)
        duf7 |   .1340501   .0138976     9.65   0.000     .1054274    .1626728
        duf8 |    .072507   .0015141    47.89   0.000     .0693886    .0756254
        duf9 |   .0991287   .0139387     7.11   0.000     .0704213     .127836
       duf10 |   .0187225   .0002816    66.49   0.000     .0181426    .0193024
       duf11 |   .0104008   .0022817     4.56   0.000     .0057015    .0151001
       duf12 |   .1192711   .0138534     8.61   0.000     .0907395    .1478028
       duf13 |   .1061031    .013991     7.58   0.000     .0772882     .134918
       duf14 |  -.0706012   .0001511  -467.13   0.000    -.0709125   -.0702899
       duf15 |  -.0432031    .000296  -145.96   0.000    -.0438127   -.0425935
       duf16 |  -.0667884   .0011308   -59.06   0.000    -.0691173   -.0644595
       duf17 |   .0049291   .0008208     6.00   0.000     .0032386    .0066197
       duf18 |   .0903733   .0194573     4.64   0.000     .0503003    .1304463
       duf19 |   .0482069   .0017885    26.95   0.000     .0445234    .0518904
       duf20 |  -.0239811   .0001673  -143.33   0.000    -.0243257   -.0236365
       duf21 |  -.0397231   .0006288   -63.17   0.000    -.0410181    -.038428
       duf22 |   .0123051   .0041663     2.95   0.007     .0037244    .0208858
       duf23 |   .1134751   .0193679     5.86   0.000     .0735863    .1533639
       duf24 |   .1136342   .0195626     5.81   0.000     .0733443    .1539242
       duf25 |          0  (omitted)
       duf26 |          0  (omitted)
       duf27 |  -.0283346    .002272   -12.47   0.000    -.0330138   -.0236554
      delec2 |   .0846505   .0197602     4.28   0.000     .0439537    .1253473
      delec3 |   .2286269   .0123068    18.58   0.000     .2032806    .2539731
     reg1_94 |          0  (omitted)
     reg2_94 |   .0695224   .0155092     4.48   0.000     .0375807    .1014642
     reg3_94 |     .19185   .0200264     9.58   0.000     .1506048    .2330952
     reg4_94 |          0  (omitted)
     reg5_94 |  -.0196722   .0160565    -1.23   0.232    -.0527411    .0133967
     reg1_98 |          0  (omitted)
     reg2_98 |   .0992866    .019624     5.06   0.000     .0588703     .139703
     reg3_98 |   .1754312   .0196079     8.95   0.000      .135048    .2158143
     reg4_98 |   .0413158   .0195314     2.12   0.045     .0010901    .0815415
     reg5_98 |          0  (omitted)
     reg1_02 |          0  (omitted)
     reg2_02 |   .1127906   .0189632     5.95   0.000     .0737352    .1518461
     reg3_02 |   .1452079   .0206182     7.04   0.000     .1027439     .187672
     reg4_02 |   .0545807   .0242995     2.25   0.034      .004535    .1046264
     reg5_02 |    -.00749   .0157625    -0.48   0.639    -.0399534    .0249734
       _cons |   .6059193    .010766    56.28   0.000     .5837463    .6280924
------------------------------------------------------------------------------
(1 real change made)
(1 real change made)
(1 real change made)
note: duf7 omitted because of collinearity
note: duf25 omitted because of collinearity
note: duf26 omitted because of collinearity
note: reg1_94 omitted because of collinearity
note: reg4_94 omitted because of collinearity
note: reg5_98 omitted because of collinearity
note: reg1_02 omitted because of collinearity
note: reg5_02 omitted because of collinearity

Linear regression                               Number of obs     =         78
                                                F(10, 25)         =          .
                                                Prob > F          =          .
                                                R-squared         =     0.9752
                                                Root MSE          =     .02422

                                    (Std. Err. adjusted for 26 clusters in uf)
------------------------------------------------------------------------------
             |               Robust
   util_rate |      Coef.   Std. Err.      t    P>|t|     [95% Conf. Interval]
-------------+----------------------------------------------------------------
     inst98e |   .0943619   .0269049     3.51   0.002     .0389502    .1497736
        duf2 |  -.0335396   .0059682    -5.62   0.000    -.0458313   -.0212478
        duf3 |  -.0195607   .0008638   -22.64   0.000    -.0213398   -.0177817
        duf4 |   .0173105   .0049489     3.50   0.002      .007118     .027503
        duf5 |  -.0498631   .0002575  -193.66   0.000    -.0503933   -.0493328
        duf6 |   .0033488   .0007356     4.55   0.000     .0018338    .0048639
        duf7 |          0  (omitted)
        duf8 |    .072007   .0017985    40.04   0.000     .0683029    .0757112
        duf9 |   .0994952   .0156925     6.34   0.000      .067176    .1318144
       duf10 |   .0186295   .0003345    55.70   0.000     .0179407    .0193184
       duf11 |   .0096473   .0027103     3.56   0.002     .0040652    .0152293
       duf12 |   .1198192   .0156862     7.64   0.000     .0875128    .1521255
       duf13 |    .106376   .0157063     6.77   0.000     .0740283    .1387237
       duf14 |  -.0706511   .0001795  -393.54   0.000    -.0710209   -.0702814
       duf15 |  -.0433009   .0003516  -123.15   0.000     -.044025   -.0425767
       duf16 |   -.066415   .0013432   -49.45   0.000    -.0691813   -.0636486
       duf17 |   .0046581    .000975     4.78   0.000     .0026499    .0066662
       duf18 |   .0804026   .0207118     3.88   0.001     .0377459    .1230593
       duf19 |   .0487975   .0021245    22.97   0.000     .0444221     .053173
       duf20 |  -.0240363   .0001987  -120.94   0.000    -.0244457    -.023627
       duf21 |  -.0399307   .0007469   -53.46   0.000     -.041469   -.0383924
       duf22 |    .013681   .0049489     2.76   0.011     .0034885    .0238734
       duf23 |   .1036909   .0207199     5.00   0.000     .0610176    .1463643
       duf24 |    .103477   .0207254     4.99   0.000     .0607922    .1461618
       duf25 |          0  (omitted)
       duf26 |          0  (omitted)
       duf27 |  -.0290849   .0026987   -10.78   0.000     -.034643   -.0235267
      delec2 |   .0978162   .0235661     4.15   0.000     .0492809    .1463514
      delec3 |   .2309418   .0159781    14.45   0.000     .1980343    .2638493
     reg1_94 |          0  (omitted)
     reg2_94 |   .0719326   .0151527     4.75   0.000     .0407251    .1031402
     reg3_94 |   .1914009   .0198823     9.63   0.000     .1504525    .2323492
     reg4_94 |          0  (omitted)
     reg5_94 |  -.0098673   .0188014    -0.52   0.604    -.0485895     .028855
     reg1_98 |  -.0141701    .014619    -0.97   0.342    -.0442786    .0159383
     reg2_98 |   .0878989    .023877     3.68   0.001     .0387232    .1370746
     reg3_98 |    .166019   .0239122     6.94   0.000     .1167709    .2152671
     reg4_98 |   .0333611   .0252981     1.32   0.199    -.0187413    .0854634
     reg5_98 |          0  (omitted)
     reg1_02 |          0  (omitted)
     reg2_02 |   .1082926    .021206     5.11   0.000     .0646179    .1519672
     reg3_02 |   .1424438   .0230636     6.18   0.000     .0949435    .1899442
     reg4_02 |   .0522657   .0263497     1.98   0.058    -.0020025     .106534
     reg5_02 |          0  (omitted)
       _cons |   .6060851   .0108922    55.64   0.000     .5836522    .6285179
------------------------------------------------------------------------------
(1 real change made)
(1 real change made)
(1 real change made)
note: duf8 omitted because of collinearity
note: duf25 omitted because of collinearity
note: duf26 omitted because of collinearity
note: reg1_94 omitted because of collinearity
note: reg4_94 omitted because of collinearity
note: reg1_98 omitted because of collinearity
note: reg5_98 omitted because of collinearity
note: reg4_02 omitted because of collinearity

Linear regression                               Number of obs     =         78
                                                F(10, 25)         =          .
                                                Prob > F          =          .
                                                R-squared         =     0.9765
                                                Root MSE          =     .02367

                                    (Std. Err. adjusted for 26 clusters in uf)
------------------------------------------------------------------------------
             |               Robust
   util_rate |      Coef.   Std. Err.      t    P>|t|     [95% Conf. Interval]
-------------+----------------------------------------------------------------
     inst98e |   .1010388   .0233347     4.33   0.000     .0529801    .1490976
        duf2 |  -.0350207   .0051762    -6.77   0.000    -.0456814     -.02436
        duf3 |  -.0197751   .0007492   -26.40   0.000     -.021318   -.0182321
        duf4 |   .0160824   .0042922     3.75   0.001     .0072424    .0249223
        duf5 |   -.049927   .0002233  -223.58   0.000    -.0503869   -.0494671
        duf6 |   .0031663    .000638     4.96   0.000     .0018523    .0044803
        duf7 |   .1423226    .010769    13.22   0.000     .1201433    .1645018
        duf8 |          0  (omitted)
        duf9 |   .1072375   .0103828    10.33   0.000     .0858538    .1286212
       duf10 |   .0187125   .0002901    64.51   0.000     .0181151      .01931
       duf11 |   .0103199   .0023507     4.39   0.000     .0054786    .0151612
       duf12 |   .1273994   .0103152    12.35   0.000      .106155    .1486439
       duf13 |   .1142018   .0104294    10.95   0.000      .092722    .1356817
       duf14 |  -.0706066   .0001557  -453.46   0.000    -.0709273   -.0702859
       duf15 |  -.0432136   .0003049  -141.71   0.000    -.0438416   -.0425856
       duf16 |  -.0667483   .0011649   -57.30   0.000    -.0691475   -.0643491
       duf17 |      .0049   .0008457     5.79   0.000     .0031584    .0066417
       duf18 |   .0984443   .0170669     5.77   0.000     .0632942    .1335943
       duf19 |   .0482703   .0018426    26.20   0.000     .0444755    .0520651
       duf20 |   -.023987   .0001724  -139.16   0.000     -.024342    -.023632
       duf21 |  -.0397453   .0006478   -61.35   0.000    -.0410795   -.0384112
       duf22 |   .0124528   .0042922     2.90   0.008     .0036128    .0212928
       duf23 |   .1215661   .0169937     7.15   0.000     .0865669    .1565652
       duf24 |   .1216852   .0171596     7.09   0.000     .0863443     .157026
       duf25 |          0  (omitted)
       duf26 |          0  (omitted)
       duf27 |  -.0284151   .0023406   -12.14   0.000    -.0332357   -.0235945
      delec2 |   .0850925   .0199926     4.26   0.000     .0439169     .126268
      delec3 |   .2980714   .0143213    20.81   0.000     .2685761    .3275667
     reg1_94 |          0  (omitted)
     reg2_94 |   .0804282   .0119738     6.72   0.000     .0557676    .1050888
     reg3_94 |   .1999717   .0178336    11.21   0.000     .1632427    .2367007
     reg4_94 |          0  (omitted)
     reg5_94 |  -.0195911   .0160847    -1.22   0.235    -.0527181    .0135359
     reg1_98 |          0  (omitted)
     reg2_98 |   .1063514   .0171508     6.20   0.000     .0710288    .1416741
     reg3_98 |   .1835621   .0172538    10.64   0.000     .1480271     .219097
     reg4_98 |   .0510791   .0167741     3.05   0.005     .0165322    .0856261
     reg5_98 |          0  (omitted)
     reg1_02 |  -.0694445   .0188827    -3.68   0.001    -.1083342   -.0305549
     reg2_02 |   .0496585   .0127602     3.89   0.001     .0233783    .0759387
     reg3_02 |   .0838851   .0154728     5.42   0.000     .0520182    .1157519
     reg4_02 |          0  (omitted)
     reg5_02 |  -.0768534   .0243194    -3.16   0.004    -.1269401   -.0267667
       _cons |   .5977672   .0056719   105.39   0.000     .5860858    .6094487
------------------------------------------------------------------------------
(1 real change made)
(1 real change made)
(1 real change made)
note: duf9 omitted because of collinearity
note: duf25 omitted because of collinearity
note: duf26 omitted because of collinearity
note: reg1_94 omitted because of collinearity
note: reg4_94 omitted because of collinearity
note: reg1_98 omitted because of collinearity
note: reg5_98 omitted because of collinearity
note: reg5_02 omitted because of collinearity

Linear regression                               Number of obs     =         78
                                                F(10, 25)         =          .
                                                Prob > F          =          .
                                                R-squared         =     0.9756
                                                Root MSE          =      .0241

                                    (Std. Err. adjusted for 26 clusters in uf)
------------------------------------------------------------------------------
             |               Robust
   util_rate |      Coef.   Std. Err.      t    P>|t|     [95% Conf. Interval]
-------------+----------------------------------------------------------------
     inst98e |   .1039612    .023689     4.39   0.000     .0551727    .1527497
        duf2 |  -.0356689   .0052548    -6.79   0.000    -.0464915   -.0248464
        duf3 |  -.0198689   .0007606   -26.12   0.000    -.0214353   -.0183025
        duf4 |   .0155448   .0043574     3.57   0.001     .0065706     .024519
        duf5 |  -.0499549   .0002267  -220.36   0.000    -.0504218    -.049488
        duf6 |   .0030864   .0006477     4.77   0.000     .0017524    .0044203
        duf7 |   .1390921   .0135058    10.30   0.000     .1112764    .1669078
        duf8 |   .0726487   .0015836    45.88   0.000     .0693873    .0759101
        duf9 |          0  (omitted)
       duf10 |   .0187489   .0002945    63.67   0.000     .0181424    .0193554
       duf11 |   .0106143   .0023864     4.45   0.000     .0056994    .0155291
       duf12 |   .1246936   .0131141     9.51   0.000     .0976846    .1517026
       duf13 |   .1116035   .0132026     8.45   0.000     .0844123    .1387946
       duf14 |  -.0705871   .0001581  -446.56   0.000    -.0709126   -.0702615
       duf15 |  -.0431754   .0003096  -139.47   0.000     -.043813   -.0425378
       duf16 |  -.0668942   .0011826   -56.56   0.000    -.0693299   -.0644585
       duf17 |   .0050059   .0008585     5.83   0.000     .0032378     .006774
       duf18 |   .0992832    .018373     5.40   0.000     .0614433    .1371232
       duf19 |   .0480396   .0018705    25.68   0.000     .0441871     .051892
       duf20 |  -.0239654    .000175  -136.95   0.000    -.0243258    -.023605
       duf21 |  -.0396642   .0006576   -60.31   0.000    -.0410186   -.0383098
       duf22 |   .0119153   .0043574     2.73   0.011      .002941    .0208895
       duf23 |   .1223322   .0183179     6.68   0.000     .0846057    .1600587
       duf24 |    .122597   .0184469     6.65   0.000     .0846049    .1605891
       duf25 |          0  (omitted)
       duf26 |          0  (omitted)
       duf27 |   -.028122   .0023762   -11.84   0.000    -.0330158   -.0232282
      delec2 |   .0748354   .0183079     4.09   0.000     .0371296    .1125411
      delec3 |   .2122739   .0187848    11.30   0.000     .1735859    .2509618
     reg1_94 |          0  (omitted)
     reg2_94 |   .0724008   .0149908     4.83   0.000     .0415267    .1032749
     reg3_94 |   .1919773   .0200543     9.57   0.000     .1506747    .2332799
     reg4_94 |          0  (omitted)
     reg5_94 |  -.0285352   .0148111    -1.93   0.065    -.0590393    .0019689
     reg1_98 |          0  (omitted)
     reg2_98 |   .1073703    .018441     5.82   0.000     .0693904    .1453502
     reg3_98 |   .1841828   .0188949     9.75   0.000     .1452682    .2230975
     reg4_98 |   .0496546   .0188868     2.63   0.014     .0107565    .0885527
     reg5_98 |          0  (omitted)
     reg1_02 |   .0090637   .0171693     0.53   0.602    -.0262972    .0444246
     reg2_02 |   .1274287   .0236956     5.38   0.000     .0786268    .1762306
     reg3_02 |   .1616882   .0253748     6.37   0.000     .1094278    .2139486
     reg4_02 |   .0709337   .0280597     2.53   0.018     .0131436    .1287239
     reg5_02 |          0  (omitted)
       _cons |   .6058724   .0107346    56.44   0.000      .583764    .6279807
------------------------------------------------------------------------------
(1 real change made)
(1 real change made)
(1 real change made)
note: duf10 omitted because of collinearity
note: duf25 omitted because of collinearity
note: duf26 omitted because of collinearity
note: reg1_94 omitted because of collinearity
note: reg4_94 omitted because of collinearity
note: reg1_98 omitted because of collinearity
note: reg1_02 omitted because of collinearity
note: reg5_02 omitted because of collinearity

Linear regression                               Number of obs     =         78
                                                F(10, 25)         =          .
                                                Prob > F          =          .
                                                R-squared         =     0.9766
                                                Root MSE          =     .02367

                                    (Std. Err. adjusted for 26 clusters in uf)
------------------------------------------------------------------------------
             |               Robust
   util_rate |      Coef.   Std. Err.      t    P>|t|     [95% Conf. Interval]
-------------+----------------------------------------------------------------
     inst98e |   .1024896   .0233566     4.39   0.000     .0543859    .1505933
        duf2 |  -.0353425   .0051811    -6.82   0.000    -.0460132   -.0246719
        duf3 |  -.0198217   .0007499   -26.43   0.000    -.0213661   -.0182773
        duf4 |   .0158155   .0042962     3.68   0.001     .0069673    .0246638
        duf5 |  -.0499408   .0002235  -223.43   0.000    -.0504012   -.0494805
        duf6 |   .0031266   .0006386     4.90   0.000     .0018114    .0044418
        duf7 |   .1339674   .0139059     9.63   0.000     .1053276    .1626071
        duf8 |   .0725503   .0015613    46.47   0.000     .0693347     .075766
        duf9 |   .0991779   .0139409     7.11   0.000      .070466    .1278898
       duf10 |          0  (omitted)
       duf11 |    .010466   .0023529     4.45   0.000     .0056202    .0153119
       duf12 |   .1193047   .0138513     8.61   0.000     .0907775    .1478319
       duf13 |   .1061604   .0139959     7.59   0.000     .0773353    .1349855
       duf14 |  -.0705969   .0001559  -452.98   0.000    -.0709179   -.0702759
       duf15 |  -.0431946   .0003052  -141.52   0.000    -.0438233    -.042566
       duf16 |  -.0668207    .001166   -57.31   0.000    -.0692222   -.0644192
       duf17 |   .0049526   .0008464     5.85   0.000     .0032093    .0066959
       duf18 |   .0828976   .0179873     4.61   0.000      .045852    .1199432
       duf19 |   .0481558   .0018443    26.11   0.000     .0443574    .0519541
       duf20 |  -.0239763   .0001725  -138.97   0.000    -.0243316    -.023621
       duf21 |  -.0397051   .0006484   -61.23   0.000    -.0410405   -.0383697
       duf22 |   .0121859   .0042962     2.84   0.009     .0033377    .0210342
       duf23 |   .1059833   .0179319     5.91   0.000     .0690518    .1429148
       duf24 |   .1061747   .0180614     5.88   0.000     .0689766    .1433728
       duf25 |          0  (omitted)
       duf26 |          0  (omitted)
       duf27 |  -.0282696   .0023428   -12.07   0.000    -.0330947   -.0234445
      delec2 |   .0842941   .0200224     4.21   0.000     .0430571     .125531
      delec3 |   .2286269   .0123068    18.58   0.000     .2032806    .2539731
     reg1_94 |          0  (omitted)
     reg2_94 |   .0696282   .0155033     4.49   0.000     .0376986    .1015577
     reg3_94 |   .1918889   .0200355     9.58   0.000     .1506251    .2331528
     reg4_94 |          0  (omitted)
     reg5_94 |  -.0121822   .0158003    -0.77   0.448    -.0447236    .0203592
     reg1_98 |          0  (omitted)
     reg2_98 |   .0978118   .0196543     4.98   0.000      .057333    .1382907
     reg3_98 |   .1754626   .0196106     8.95   0.000     .1350737    .2158515
     reg4_98 |    .041221    .019483     2.12   0.045     .0010951    .0813469
     reg5_98 |   .0075555   .0157144     0.48   0.635     -.024809    .0399199
     reg1_02 |          0  (omitted)
     reg2_02 |   .1143425   .0185179     6.17   0.000     .0762041    .1524808
     reg3_02 |   .1452468   .0206102     7.05   0.000     .1027994    .1876943
     reg4_02 |   .0545807   .0242995     2.25   0.034      .004535    .1046264
     reg5_02 |          0  (omitted)
       _cons |    .605905   .0107567    56.33   0.000     .5837511    .6280589
------------------------------------------------------------------------------
(1 real change made)
(1 real change made)
(1 real change made)
note: duf11 omitted because of collinearity
note: duf25 omitted because of collinearity
note: duf26 omitted because of collinearity
note: reg1_94 omitted because of collinearity
note: reg5_94 omitted because of collinearity
note: reg4_98 omitted because of collinearity
note: reg5_98 omitted because of collinearity
note: reg1_02 omitted because of collinearity

Linear regression                               Number of obs     =         78
                                                F(10, 25)         =          .
                                                Prob > F          =          .
                                                R-squared         =     0.9747
                                                Root MSE          =     .02426

                                    (Std. Err. adjusted for 26 clusters in uf)
------------------------------------------------------------------------------
             |               Robust
   util_rate |      Coef.   Std. Err.      t    P>|t|     [95% Conf. Interval]
-------------+----------------------------------------------------------------
     inst98e |   .0999666   .0240205     4.16   0.000     .0504954    .1494379
        duf2 |  -.0347828   .0053284    -6.53   0.000    -.0457568   -.0238089
        duf3 |  -.0197407   .0007712   -25.60   0.000     -.021329   -.0181524
        duf4 |   .0162796   .0044184     3.68   0.001     .0071798    .0253794
        duf5 |  -.0499167   .0002299  -217.15   0.000    -.0503901   -.0494433
        duf6 |   .0031956   .0006568     4.87   0.000      .001843    .0045482
        duf7 |   .1101955   .0123209     8.94   0.000     .0848202    .1355708
        duf8 |   .0723817   .0016057    45.08   0.000     .0690746    .0756887
        duf9 |   .0748919   .0148223     5.05   0.000     .0443648     .105419
       duf10 |   .0186992   .0002986    62.62   0.000     .0180842    .0193142
       duf11 |          0  (omitted)
       duf12 |   .0950799   .0144604     6.58   0.000     .0652982    .1248616
       duf13 |   .0818428   .0150143     5.45   0.000     .0509202    .1127655
       duf14 |  -.0706137   .0001603  -440.56   0.000    -.0709438   -.0702836
       duf15 |  -.0432276   .0003139  -137.71   0.000    -.0438741   -.0425811
       duf16 |  -.0666948   .0011992   -55.62   0.000    -.0691645    -.064225
       duf17 |   .0048612   .0008705     5.58   0.000     .0030683     .006654
       duf18 |   .0465654    .010803     4.31   0.000     .0243162    .0688145
       duf19 |    .048355   .0018967    25.49   0.000     .0444486    .0522613
       duf20 |  -.0239949   .0001774  -135.23   0.000    -.0243604   -.0236295
       duf21 |  -.0397751   .0006668   -59.65   0.000    -.0411485   -.0384017
       duf22 |     .01265   .0044184     2.86   0.008     .0035502    .0217498
       duf23 |   .0697139   .0103979     6.70   0.000     .0482991    .0911287
       duf24 |   .0697795   .0112255     6.22   0.000     .0466602    .0928988
       duf25 |          0  (omitted)
       duf26 |          0  (omitted)
       duf27 |  -.0285227   .0024094   -11.84   0.000     -.033485   -.0235604
      delec2 |   .1051653   .0121824     8.63   0.000     .0800753    .1302553
      delec3 |   .2286269   .0123068    18.58   0.000     .2032806    .2539731
     reg1_94 |          0  (omitted)
     reg2_94 |   .0481118   .0137183     3.51   0.002     .0198584    .0763653
     reg3_94 |   .1676433   .0185151     9.05   0.000     .1295107    .2057758
     reg4_94 |  -.0226647    .019599    -1.16   0.258    -.0630296    .0177002
     reg5_94 |          0  (omitted)
     reg1_98 |  -.0194828   .0161214    -1.21   0.238    -.0526855    .0137199
     reg2_98 |   .0544066   .0122051     4.46   0.000     .0292696    .0795435
     reg3_98 |   .1317632   .0111666    11.80   0.000     .1087651    .1547614
     reg4_98 |          0  (omitted)
     reg5_98 |          0  (omitted)
     reg1_02 |          0  (omitted)
     reg2_02 |   .0867867   .0201022     4.32   0.000     .0453854     .128188
     reg3_02 |   .1210012   .0222865     5.43   0.000     .0751014     .166901
     reg4_02 |   .0270704      .0212     1.28   0.213    -.0165918    .0707326
     reg5_02 |   .0121822   .0158003     0.77   0.448    -.0203592    .0447236
       _cons |    .630055   .0106249    59.30   0.000     .6081727    .6519374
------------------------------------------------------------------------------
(1 real change made)
(1 real change made)
(1 real change made)
note: duf12 omitted because of collinearity
note: duf25 omitted because of collinearity
note: duf26 omitted because of collinearity
note: reg1_94 omitted because of collinearity
note: reg4_94 omitted because of collinearity
note: reg1_98 omitted because of collinearity
note: reg5_98 omitted because of collinearity
note: reg5_02 omitted because of collinearity

Linear regression                               Number of obs     =         78
                                                F(10, 25)         =          .
                                                Prob > F          =          .
                                                R-squared         =     0.9761
                                                Root MSE          =       .024

                                    (Std. Err. adjusted for 26 clusters in uf)
------------------------------------------------------------------------------
             |               Robust
   util_rate |      Coef.   Std. Err.      t    P>|t|     [95% Conf. Interval]
-------------+----------------------------------------------------------------
     inst98e |   .1003661   .0227438     4.41   0.000     .0535245    .1472078
        duf2 |  -.0348715   .0050452    -6.91   0.000    -.0452622   -.0244808
        duf3 |  -.0197535   .0007302   -27.05   0.000    -.0212574   -.0182496
        duf4 |   .0162061   .0041835     3.87   0.001       .00759    .0248222
        duf5 |  -.0499205   .0002177  -229.36   0.000    -.0503688   -.0494723
        duf6 |   .0031847   .0006218     5.12   0.000     .0019039    .0044654
        duf7 |   .1280328   .0121567    10.53   0.000     .1029956    .1530699
        duf8 |   .0724084   .0015204    47.63   0.000     .0692771    .0755397
        duf9 |   .0928106   .0123941     7.49   0.000     .0672846    .1183367
       duf10 |   .0187042   .0002827    66.16   0.000     .0181219    .0192865
       duf11 |   .0102521   .0022912     4.47   0.000     .0055334    .0149708
       duf12 |          0  (omitted)
       duf13 |   .0997666   .0124648     8.00   0.000     .0740949    .1254382
       duf14 |  -.0706111   .0001518  -465.27   0.000    -.0709236   -.0702985
       duf15 |  -.0432224   .0002972  -145.42   0.000    -.0438345   -.0426103
       duf16 |  -.0667147   .0011354   -58.76   0.000    -.0690532   -.0643762
       duf17 |   .0048757   .0008242     5.92   0.000     .0031781    .0065732
       duf18 |   .0798487   .0169437     4.71   0.000     .0449526    .1147449
       duf19 |   .0483234   .0017959    26.91   0.000     .0446247    .0520222
       duf20 |   -.023992    .000168  -142.80   0.000     -.024338    -.023646
       duf21 |   -.039764   .0006314   -62.98   0.000    -.0410644   -.0384636
       duf22 |   .0125765   .0041835     3.01   0.006     .0039604    .0211926
       duf23 |   .1029873   .0167827     6.14   0.000     .0684227     .137552
       duf24 |   .1030729   .0171219     6.02   0.000     .0678096    .1383361
       duf25 |          0  (omitted)
       duf26 |          0  (omitted)
       duf27 |  -.0284826   .0022813   -12.49   0.000    -.0331811   -.0237841
      delec2 |   .0958054   .0182372     5.25   0.000     .0582451    .1333657
      delec3 |   .2316287    .017292    13.40   0.000     .1960153    .2672422
     reg1_94 |          0  (omitted)
     reg2_94 |   .0722255   .0150643     4.79   0.000        .0412     .103251
     reg3_94 |   .1917614   .0200031     9.59   0.000     .1505642    .2329586
     reg4_94 |          0  (omitted)
     reg5_94 |  -.0091804   .0127884    -0.72   0.479    -.0355187    .0171579
     reg1_98 |          0  (omitted)
     reg2_98 |   .0877145   .0173232     5.06   0.000     .0520368    .1233922
     reg3_98 |   .1650168    .016969     9.72   0.000     .1300685    .1999651
     reg4_98 |    .031189   .0165085     1.89   0.071    -.0028109    .0651889
     reg5_98 |          0  (omitted)
     reg1_02 |   .0052728   .0178898     0.29   0.771    -.0315719    .0421176
     reg2_02 |   .1078985   .0226514     4.76   0.000     .0612471    .1545499
     reg3_02 |   .1421175   .0244367     5.82   0.000     .0917892    .1924458
     reg4_02 |   .0515789   .0270948     1.90   0.069    -.0042239    .1073816
     reg5_02 |          0  (omitted)
       _cons |    .605952   .0107892    56.16   0.000     .5837312    .6281728
------------------------------------------------------------------------------
(1 real change made)
(1 real change made)
(1 real change made)
note: duf13 omitted because of collinearity
note: duf25 omitted because of collinearity
note: duf26 omitted because of collinearity
note: reg1_94 omitted because of collinearity
note: reg4_94 omitted because of collinearity
note: reg1_98 omitted because of collinearity
note: reg5_98 omitted because of collinearity
note: reg5_02 omitted because of collinearity

Linear regression                               Number of obs     =         78
                                                F(10, 25)         =          .
                                                Prob > F          =          .
                                                R-squared         =     0.9754
                                                Root MSE          =     .02427

                                    (Std. Err. adjusted for 26 clusters in uf)
------------------------------------------------------------------------------
             |               Robust
   util_rate |      Coef.   Std. Err.      t    P>|t|     [95% Conf. Interval]
-------------+----------------------------------------------------------------
     inst98e |   .0997033   .0234787     4.25   0.000     .0513479    .1480586
        duf2 |  -.0347244   .0052082    -6.67   0.000    -.0454509    -.023998
        duf3 |  -.0197322   .0007538   -26.18   0.000    -.0212847   -.0181797
        duf4 |    .016328   .0043187     3.78   0.001     .0074335    .0252226
        duf5 |  -.0499142   .0002247  -222.15   0.000    -.0503769   -.0494514
        duf6 |   .0032028   .0006419     4.99   0.000     .0018807    .0045249
        duf7 |    .134631   .0156192     8.62   0.000     .1024626    .1667993
        duf8 |   .0723641   .0015695    46.11   0.000     .0691316    .0755965
        duf9 |   .0992738   .0161014     6.17   0.000     .0661124    .1324351
       duf10 |   .0186959   .0002919    64.06   0.000     .0180948     .019297
       duf11 |   .0101854   .0023652     4.31   0.000     .0053141    .0150566
       duf12 |   .1194681   .0159697     7.48   0.000     .0865779    .1523583
       duf13 |          0  (omitted)
       duf14 |  -.0706155   .0001567  -450.74   0.000    -.0709381   -.0702928
       duf15 |   -.043231   .0003068  -140.90   0.000     -.043863   -.0425991
       duf16 |  -.0666816   .0011721   -56.89   0.000    -.0690957   -.0642676
       duf17 |   .0048516   .0008509     5.70   0.000     .0030992     .006604
       duf18 |   .0877326    .023868     3.68   0.001     .0385756    .1368896
       duf19 |   .0483758   .0018539    26.09   0.000     .0445575     .052194
       duf20 |  -.0239969   .0001734  -138.36   0.000    -.0243541   -.0236397
       duf21 |  -.0397824   .0006518   -61.03   0.000    -.0411248     -.03844
       duf22 |   .0126985   .0043187     2.94   0.007     .0038039     .021593
       duf23 |   .1108878   .0237099     4.68   0.000     .0620563    .1597192
       duf24 |   .1109402   .0240393     4.61   0.000     .0614304    .1604501
       duf25 |          0  (omitted)
       duf26 |          0  (omitted)
       duf27 |  -.0285491   .0023551   -12.12   0.000    -.0333994   -.0236988
      delec2 |   .0882047   .0256385     3.44   0.002     .0354012    .1410082
      delec3 |   .2237301   .0240832     9.29   0.000     .1741299    .2733304
     reg1_94 |          0  (omitted)
     reg2_94 |   .0721932    .015074     4.79   0.000     .0411476    .1032387
     reg3_94 |   .1917216   .0199875     9.59   0.000     .1505565    .2328867
     reg4_94 |          0  (omitted)
     reg5_94 |  -.0170789   .0210651    -0.81   0.425    -.0604633    .0263054
     reg1_98 |          0  (omitted)
     reg2_98 |   .0955576   .0243167     3.93   0.001     .0454763    .1456389
     reg3_98 |   .1729502   .0238154     7.26   0.000     .1239015    .2219989
     reg4_98 |   .0392515   .0231704     1.69   0.103    -.0084688    .0869719
     reg5_98 |          0  (omitted)
     reg1_02 |   .0015964   .0158846     0.10   0.921    -.0311185    .0343113
     reg2_02 |   .1157648   .0283173     4.09   0.000     .0574441    .1740854
     reg3_02 |   .1499763   .0298093     5.03   0.000     .0885829    .2113696
     reg4_02 |   .0594774   .0318409     1.87   0.074    -.0061001    .1250549
     reg5_02 |          0  (omitted)
       _cons |   .6059667   .0108005    56.11   0.000     .5837227    .6282107
------------------------------------------------------------------------------
(1 real change made)
(1 real change made)
(1 real change made)
note: duf14 omitted because of collinearity
note: duf25 omitted because of collinearity
note: duf26 omitted because of collinearity
note: reg1_94 omitted because of collinearity
note: reg4_94 omitted because of collinearity
note: reg1_98 omitted because of collinearity
note: reg1_02 omitted because of collinearity
note: reg5_02 omitted because of collinearity

Linear regression                               Number of obs     =         78
                                                F(10, 25)         =          .
                                                Prob > F          =          .
                                                R-squared         =     0.9827
                                                Root MSE          =     .02018

                                    (Std. Err. adjusted for 26 clusters in uf)
------------------------------------------------------------------------------
             |               Robust
   util_rate |      Coef.   Std. Err.      t    P>|t|     [95% Conf. Interval]
-------------+----------------------------------------------------------------
     inst98e |   .1044459   .0218545     4.78   0.000     .0594357    .1494561
        duf2 |  -.0357765   .0048479    -7.38   0.000    -.0457609    -.025792
        duf3 |  -.0198845   .0007017   -28.34   0.000    -.0213296   -.0184394
        duf4 |   .0154557   .0040199     3.84   0.001     .0071764    .0237349
        duf5 |  -.0499596   .0002091  -238.88   0.000    -.0503903   -.0495288
        duf6 |   .0030731   .0005975     5.14   0.000     .0018425    .0043038
        duf7 |   .1337175   .0138387     9.66   0.000     .1052161    .1622189
        duf8 |   .0726811   .0014609    49.75   0.000     .0696723      .07569
        duf9 |   .0993267   .0139116     7.14   0.000     .0706751    .1279782
       duf10 |   .0187549   .0002717    69.03   0.000     .0181954    .0193144
       duf11 |   .0106631   .0022016     4.84   0.000     .0061289    .0151973
       duf12 |    .119406    .013828     8.64   0.000     .0909268    .1478852
       duf13 |   .1063336   .0139625     7.62   0.000     .0775774    .1350899
       duf14 |          0  (omitted)
       duf15 |  -.0431691   .0002856  -151.15   0.000    -.0437573   -.0425809
       duf16 |  -.0669184    .001091   -61.33   0.000    -.0691654   -.0646713
       duf17 |   .0050235    .000792     6.34   0.000     .0033923    .0066547
       duf18 |    .082941   .0179629     4.62   0.000     .0459457    .1199362
       duf19 |   .0480013   .0017257    27.82   0.000     .0444472    .0515554
       duf20 |  -.0239619   .0001614  -148.43   0.000    -.0242943   -.0236294
       duf21 |  -.0396508   .0006067   -65.35   0.000    -.0409003   -.0384012
       duf22 |   .0118261   .0040199     2.94   0.007     .0035469    .0201053
       duf23 |   .1059778   .0179089     5.92   0.000     .0690937     .142862
       duf24 |   .1062668   .0180332     5.89   0.000     .0691268    .1434068
       duf25 |          0  (omitted)
       duf26 |          0  (omitted)
       duf27 |  -.0280734   .0021921   -12.81   0.000    -.0325882   -.0235586
      delec2 |   .0832175   .0195383     4.26   0.000     .0429777    .1234574
      delec3 |   .2286269   .0123068    18.58   0.000     .2032806    .2539731
     reg1_94 |          0  (omitted)
     reg2_94 |   .0724245   .0149764     4.84   0.000       .04158    .1032689
     reg3_94 |   .2026376   .0160917    12.59   0.000     .1694962     .235779
     reg4_94 |          0  (omitted)
     reg5_94 |  -.0121822   .0158003    -0.77   0.448    -.0447236    .0203592
     reg1_98 |          0  (omitted)
     reg2_98 |   .0988109   .0194354     5.08   0.000      .058783    .1388388
     reg3_98 |   .1727299   .0194496     8.88   0.000     .1326726    .2127872
     reg4_98 |   .0409348   .0192568     2.13   0.044     .0012747    .0805949
     reg5_98 |   .0077531    .015523     0.50   0.622    -.0242171    .0397233
     reg1_02 |          0  (omitted)
     reg2_02 |   .1110993   .0186495     5.96   0.000     .0726899    .1495087
     reg3_02 |   .1375607   .0182703     7.53   0.000     .0999323     .175189
     reg4_02 |   .0545807   .0242995     2.25   0.034      .004535    .1046264
     reg5_02 |          0  (omitted)
       _cons |   .6058616   .0107254    56.49   0.000     .5837722    .6279511
------------------------------------------------------------------------------
(1 real change made)
(1 real change made)
(1 real change made)
note: duf15 omitted because of collinearity
note: duf25 omitted because of collinearity
note: duf26 omitted because of collinearity
note: reg1_94 omitted because of collinearity
note: reg4_94 omitted because of collinearity
note: reg1_98 omitted because of collinearity
note: reg5_98 omitted because of collinearity
note: reg1_02 omitted because of collinearity

Linear regression                               Number of obs     =         78
                                                F(10, 25)         =          .
                                                Prob > F          =          .
                                                R-squared         =     0.9749
                                                Root MSE          =     .02427

                                    (Std. Err. adjusted for 26 clusters in uf)
------------------------------------------------------------------------------
             |               Robust
   util_rate |      Coef.   Std. Err.      t    P>|t|     [95% Conf. Interval]
-------------+----------------------------------------------------------------
     inst98e |   .1004918   .0226123     4.44   0.000     .0539208    .1470628
        duf2 |  -.0348993    .005016    -6.96   0.000      -.04523   -.0245687
        duf3 |  -.0197575    .000726   -27.21   0.000    -.0212527   -.0182623
        duf4 |    .016183   .0041593     3.89   0.001     .0076167    .0247493
        duf5 |  -.0499217   .0002164  -230.70   0.000    -.0503674   -.0494761
        duf6 |   .0031812   .0006183     5.15   0.000     .0019079    .0044546
        duf7 |   .1342226   .0139152     9.65   0.000     .1055637    .1628814
        duf8 |   .0724168   .0015116    47.91   0.000     .0693036      .07553
        duf9 |    .099026   .0139511     7.10   0.000     .0702931    .1277589
       duf10 |   .0187057   .0002811    66.55   0.000     .0181268    .0192847
       duf11 |   .0102648   .0022779     4.51   0.000     .0055733    .0149562
       duf12 |   .1192012   .0138668     8.60   0.000     .0906421    .1477604
       duf13 |   .1059835   .0140028     7.57   0.000     .0771442    .1348229
       duf14 |  -.0706102   .0001509  -467.97   0.000     -.070921   -.0702995
       duf15 |          0  (omitted)
       duf16 |   -.066721   .0011289   -59.10   0.000     -.069046    -.064396
       duf17 |   .0048802   .0008195     5.96   0.000     .0031925     .006568
       duf18 |    .090207   .0195018     4.63   0.000     .0500424    .1303716
       duf19 |   .0483135   .0017855    27.06   0.000     .0446362    .0519909
       duf20 |  -.0239911    .000167  -143.63   0.000    -.0243351   -.0236471
       duf21 |  -.0397605   .0006277   -63.34   0.000    -.0410534   -.0384677
       duf22 |   .0125534   .0041593     3.02   0.006     .0039871    .0211197
       duf23 |   .1133425   .0194155     5.84   0.000     .0733556    .1533294
       duf24 |   .1134343   .0196039     5.79   0.000     .0730593    .1538092
       duf25 |          0  (omitted)
       duf26 |          0  (omitted)
       duf27 |    -.02847   .0022682   -12.55   0.000    -.0331414   -.0237986
      delec2 |   .0853935   .0197286     4.33   0.000     .0447616    .1260254
      delec3 |   .2286269   .0123068    18.58   0.000     .2032806    .2539731
     reg1_94 |          0  (omitted)
     reg2_94 |   .0718623   .0160468     4.48   0.000     .0388132    .1049113
     reg3_94 |    .191769   .0200032     9.59   0.000     .1505716    .2329663
     reg4_94 |          0  (omitted)
     reg5_94 |  -.0195358   .0160861    -1.21   0.236    -.0526657     .013594
     reg1_98 |          0  (omitted)
     reg2_98 |   .0993344   .0195944     5.07   0.000      .058979    .1396899
     reg3_98 |   .1753657   .0196142     8.94   0.000     .1349696    .2157618
     reg4_98 |   .0415134   .0196663     2.11   0.045       .00101    .0820168
     reg5_98 |          0  (omitted)
     reg1_02 |          0  (omitted)
     reg2_02 |   .1100219    .019146     5.75   0.000     .0705899    .1494539
     reg3_02 |   .1451269     .02065     7.03   0.000     .1025974    .1876564
     reg4_02 |   .0545807   .0242995     2.25   0.034      .004535    .1046264
     reg5_02 |  -.0073536   .0158816    -0.46   0.647    -.0400623    .0253551
       _cons |   .6059492   .0107871    56.17   0.000     .5837328    .6281657
------------------------------------------------------------------------------
(1 real change made)
(1 real change made)
(1 real change made)
note: duf16 omitted because of collinearity
note: duf25 omitted because of collinearity
note: duf26 omitted because of collinearity
note: reg1_94 omitted because of collinearity
note: reg4_94 omitted because of collinearity
note: reg1_98 omitted because of collinearity
note: reg5_98 omitted because of collinearity
note: reg1_02 omitted because of collinearity

Linear regression                               Number of obs     =         78
                                                F(10, 25)         =          .
                                                Prob > F          =          .
                                                R-squared         =     0.9755
                                                Root MSE          =     .02369

                                    (Std. Err. adjusted for 26 clusters in uf)
------------------------------------------------------------------------------
             |               Robust
   util_rate |      Coef.   Std. Err.      t    P>|t|     [95% Conf. Interval]
-------------+----------------------------------------------------------------
     inst98e |    .101132   .0237615     4.26   0.000     .0521943    .1500697
        duf2 |  -.0350414   .0052709    -6.65   0.000     -.045897   -.0241857
        duf3 |  -.0197781   .0007629   -25.93   0.000    -.0213493   -.0182069
        duf4 |   .0160652   .0043707     3.68   0.001     .0070636    .0250669
        duf5 |  -.0499279   .0002274  -219.57   0.000    -.0503962   -.0494595
        duf6 |   .0031637   .0006497     4.87   0.000     .0018257    .0045018
        duf7 |   .1341408   .0139378     9.62   0.000     .1054354    .1628462
        duf8 |   .0724596   .0015884    45.62   0.000     .0691882     .075731
        duf9 |   .0990747   .0139559     7.10   0.000      .070332    .1278174
       duf10 |   .0187137   .0002954    63.35   0.000     .0181053     .019322
       duf11 |   .0103293   .0023937     4.32   0.000     .0053994    .0152592
       duf12 |   .1192344   .0138653     8.60   0.000     .0906782    .1477906
       duf13 |   .1060402   .0140116     7.57   0.000     .0771827    .1348977
       duf14 |   -.070606   .0001586  -445.31   0.000    -.0709325   -.0702794
       duf15 |  -.0432124   .0003105  -139.16   0.000    -.0438519   -.0425729
       duf16 |          0  (omitted)
       duf17 |   .0049034   .0008611     5.69   0.000     .0031299    .0066769
       duf18 |   .0902859   .0195006     4.63   0.000     .0501235    .1304482
       duf19 |    .048263   .0018763    25.72   0.000     .0443987    .0521272
       duf20 |  -.0239863   .0001755  -136.66   0.000    -.0243478   -.0236248
       duf21 |  -.0397428   .0006596   -60.25   0.000    -.0411013   -.0383842
       duf22 |   .0124357   .0043707     2.85   0.009      .003434    .0214373
       duf23 |   .1134054   .0194055     5.84   0.000      .073439    .1533717
       duf24 |   .1135291   .0196132     5.79   0.000     .0731349    .1539233
       duf25 |          0  (omitted)
       duf26 |          0  (omitted)
       duf27 |  -.0284058   .0023834   -11.92   0.000    -.0333145    -.023497
      delec2 |   .0850412   .0201415     4.22   0.000     .0435591    .1265233
      delec3 |   .2286269   .0123068    18.58   0.000     .2032806    .2539731
     reg1_94 |          0  (omitted)
     reg2_94 |   .0756886   .0151557     4.99   0.000     .0444749    .1069024
     reg3_94 |   .1918074   .0200195     9.58   0.000     .1505765    .2330383
     reg4_94 |          0  (omitted)
     reg5_94 |  -.0196005   .0160882    -1.22   0.234    -.0527347    .0135337
     reg1_98 |          0  (omitted)
     reg2_98 |   .0970904   .0198491     4.89   0.000     .0562104    .1379703
     reg3_98 |   .1753967   .0196135     8.94   0.000     .1350019    .2157915
     reg4_98 |   .0414197   .0196307     2.11   0.045     .0009896    .0818499
     reg5_98 |          0  (omitted)
     reg1_02 |          0  (omitted)
     reg2_02 |   .1086203   .0188779     5.75   0.000     .0697404    .1475001
     reg3_02 |   .1451653    .020639     7.03   0.000     .1026586     .187672
     reg4_02 |   .0545807   .0242995     2.25   0.034      .004535    .1046264
     reg5_02 |  -.0074183    .015842    -0.47   0.644    -.0400455    .0252089
       _cons |   .6059351   .0107783    56.22   0.000     .5837368    .6281333
------------------------------------------------------------------------------
(1 real change made)
(1 real change made)
(1 real change made)
note: duf17 omitted because of collinearity
note: duf25 omitted because of collinearity
note: duf26 omitted because of collinearity
note: reg1_94 omitted because of collinearity
note: reg4_94 omitted because of collinearity
note: reg1_98 omitted because of collinearity
note: reg5_98 omitted because of collinearity
note: reg1_02 omitted because of collinearity

Linear regression                               Number of obs     =         78
                                                F(10, 25)         =          .
                                                Prob > F          =          .
                                                R-squared         =     0.9759
                                                Root MSE          =     .02401

                                    (Std. Err. adjusted for 26 clusters in uf)
------------------------------------------------------------------------------
             |               Robust
   util_rate |      Coef.   Std. Err.      t    P>|t|     [95% Conf. Interval]
-------------+----------------------------------------------------------------
     inst98e |   .0998943   .0228731     4.37   0.000     .0527863    .1470023
        duf2 |  -.0347668   .0050738    -6.85   0.000    -.0452166    -.024317
        duf3 |  -.0197383   .0007344   -26.88   0.000    -.0212508   -.0182259
        duf4 |   .0162929   .0042073     3.87   0.001     .0076278     .024958
        duf5 |   -.049916   .0002189  -228.04   0.000    -.0503668   -.0494652
        duf6 |   .0031976   .0006254     5.11   0.000     .0019096    .0044856
        duf7 |   .1342989    .013929     9.64   0.000     .1056115    .1629863
        duf8 |   .0723769    .001529    47.34   0.000     .0692278    .0755259
        duf9 |   .0989806   .0139604     7.09   0.000     .0702286    .1277325
       duf10 |   .0186983   .0002843    65.76   0.000     .0181127    .0192839
       duf11 |   .0102046   .0023042     4.43   0.000     .0054591    .0149501
       duf12 |   .1191703   .0138748     8.59   0.000     .0905947    .1477459
       duf13 |   .1059306   .0140129     7.56   0.000     .0770705    .1347907
       duf14 |  -.0706142   .0001526  -462.66   0.000    -.0709286   -.0702999
       duf15 |  -.0432286   .0002989  -144.62   0.000    -.0438442   -.0426129
       duf16 |  -.0666912   .0011419   -58.40   0.000    -.0690429   -.0643394
       duf17 |          0  (omitted)
       duf18 |   .0901334   .0195279     4.62   0.000      .049915    .1303518
       duf19 |   .0483607   .0018061    26.78   0.000     .0446409    .0520804
       duf20 |  -.0239955    .000169  -142.02   0.000    -.0243435   -.0236475
       duf21 |  -.0397771    .000635   -62.64   0.000    -.0410849   -.0384693
       duf22 |   .0126633   .0042073     3.01   0.006     .0039982    .0213284
       duf23 |   .1132838   .0194411     5.83   0.000     .0732441    .1533235
       duf24 |   .1133458   .0196308     5.77   0.000     .0729153    .1537762
       duf25 |          0  (omitted)
       duf26 |          0  (omitted)
       duf27 |  -.0285299   .0022943   -12.44   0.000    -.0332552   -.0238047
      delec2 |   .0857223   .0198145     4.33   0.000     .0449136     .126531
      delec3 |   .2286269   .0123068    18.58   0.000     .2032806    .2539731
     reg1_94 |          0  (omitted)
     reg2_94 |   .0696669   .0156064     4.46   0.000     .0375249    .1018089
     reg3_94 |   .1917331   .0199905     9.59   0.000     .1505618    .2329044
     reg4_94 |          0  (omitted)
     reg5_94 |  -.0194755   .0161048    -1.21   0.238    -.0526439     .013693
     reg1_98 |          0  (omitted)
     reg2_98 |   .0991171   .0196237     5.05   0.000     .0587014    .1395328
     reg3_98 |   .1753367   .0196206     8.94   0.000     .1349273    .2157461
     reg4_98 |   .0416008   .0197324     2.11   0.045     .0009611    .0822405
     reg5_98 |          0  (omitted)
     reg1_02 |          0  (omitted)
     reg2_02 |    .112266   .0191071     5.88   0.000     .0729142    .1516177
     reg3_02 |    .145091   .0206685     7.02   0.000     .1025234    .1876586
     reg4_02 |   .0545807   .0242995     2.25   0.034      .004535    .1046264
     reg5_02 |  -.0072933   .0159372    -0.46   0.651    -.0401164    .0255299
       _cons |   .6059625   .0107968    56.12   0.000     .5837261    .6281989
------------------------------------------------------------------------------
(1 real change made)
(1 real change made)
(1 real change made)
note: duf18 omitted because of collinearity
note: duf24 omitted because of collinearity
note: duf25 omitted because of collinearity
note: reg1_94 omitted because of collinearity
note: reg4_94 omitted because of collinearity
note: reg1_98 omitted because of collinearity
note: reg5_98 omitted because of collinearity
note: reg1_02 omitted because of collinearity

Linear regression                               Number of obs     =         78
                                                F(9, 25)          =          .
                                                Prob > F          =          .
                                                R-squared         =     0.9754
                                                Root MSE          =     .02418

                                    (Std. Err. adjusted for 26 clusters in uf)
------------------------------------------------------------------------------
             |               Robust
   util_rate |      Coef.   Std. Err.      t    P>|t|     [95% Conf. Interval]
-------------+----------------------------------------------------------------
     inst98e |   .1018233   .0230377     4.42   0.000     .0543763    .1492704
        duf2 |  -.0351947   .0051104    -6.89   0.000    -.0457197   -.0246697
        duf3 |  -.0198003   .0007396   -26.77   0.000    -.0213236    -.018277
        duf4 |   .0159381   .0042376     3.76   0.001     .0072106    .0246655
        duf5 |  -.0499345   .0002205  -226.50   0.000    -.0503885   -.0494804
        duf6 |   .0031448   .0006299     4.99   0.000     .0018476    .0044421
        duf7 |   .0154406   .0094414     1.64   0.114    -.0040044    .0348856
        duf8 |  -.0461061   .0184648    -2.50   0.019    -.0841351   -.0080771
        duf9 |  -.0194846   .0072713    -2.68   0.013    -.0344602   -.0045091
       duf10 |   .0187223   .0002864    65.37   0.000     .0181325    .0193121
       duf11 |   -.108213   .0183786    -5.89   0.000    -.1460644   -.0703615
       duf12 |   .0006583    .007408     0.09   0.930    -.0145989    .0159154
       duf13 |  -.0125105   .0072168    -1.73   0.095    -.0273737    .0023527
       duf14 |  -.0706013   .0001537  -459.27   0.000    -.0709179   -.0702847
       duf15 |  -.0432033   .0003011  -143.50   0.000    -.0438234   -.0425833
       duf16 |  -.0667875   .0011501   -58.07   0.000    -.0691562   -.0644188
       duf17 |   .0049285   .0008349     5.90   0.000      .003209     .006648
       duf18 |          0  (omitted)
       duf19 |  -.0704035   .0191969    -3.67   0.001    -.1099403   -.0308668
       duf20 |  -.0239812   .0001702  -140.92   0.000    -.0243317   -.0236307
       duf21 |  -.0397236   .0006396   -62.11   0.000    -.0410408   -.0384064
       duf22 |   .0123085   .0042376     2.90   0.008      .003581     .021036
       duf23 |  -.0001582   .0011489    -0.14   0.892    -.0025244     .002208
       duf24 |          0  (omitted)
       duf25 |          0  (omitted)
       duf26 |  -.1186119   .0187294    -6.33   0.000    -.1571857   -.0800381
       duf27 |  -.0283364   .0023108   -12.26   0.000    -.0330957   -.0235772
      delec2 |   .0846607    .019895     4.26   0.000     .0436861    .1256353
      delec3 |   .2286269   .0123068    18.58   0.000     .2032806    .2539731
     reg1_94 |          0  (omitted)
     reg2_94 |  -.0463153   .0188811    -2.45   0.021    -.0852018   -.0074289
     reg3_94 |    .073237   .0232823     3.15   0.004     .0252862    .1211878
     reg4_94 |          0  (omitted)
     reg5_94 |  -.0237377   .0157525    -1.51   0.144    -.0561807    .0087052
     reg1_98 |          0  (omitted)
     reg2_98 |  -.0202854     .00437    -4.64   0.000    -.0292857   -.0112852
     reg3_98 |   .0568184    .006094     9.32   0.000     .0442676    .0693691
     reg4_98 |   .0413185    .019543     2.11   0.045      .001069    .0815681
     reg5_98 |          0  (omitted)
     reg1_02 |          0  (omitted)
     reg2_02 |  -.0076405   .0121847    -0.63   0.536    -.0327354    .0174545
     reg3_02 |   .0265949   .0147619     1.80   0.084    -.0038078    .0569977
     reg4_02 |   .0545807   .0242995     2.25   0.034      .004535    .1046264
     reg5_02 |   -.018362   .0103286    -1.78   0.088    -.0396343    .0029102
       _cons |   .7245316   .0152187    47.61   0.000      .693188    .7558752
------------------------------------------------------------------------------
(1 real change made)
(1 real change made)
(1 real change made)
note: duf19 omitted because of collinearity
note: duf25 omitted because of collinearity
note: duf26 omitted because of collinearity
note: reg1_94 omitted because of collinearity
note: reg4_94 omitted because of collinearity
note: reg5_98 omitted because of collinearity
note: reg1_02 omitted because of collinearity
note: reg5_02 omitted because of collinearity

Linear regression                               Number of obs     =         78
                                                F(10, 25)         =          .
                                                Prob > F          =          .
                                                R-squared         =     0.9750
                                                Root MSE          =     .02422

                                    (Std. Err. adjusted for 26 clusters in uf)
------------------------------------------------------------------------------
             |               Robust
   util_rate |      Coef.   Std. Err.      t    P>|t|     [95% Conf. Interval]
-------------+----------------------------------------------------------------
     inst98e |   .0971473   .0247901     3.92   0.001      .046091    .1482035
        duf2 |  -.0341574   .0054991    -6.21   0.000     -.045483   -.0228318
        duf3 |  -.0196501   .0007959   -24.69   0.000    -.0212893    -.018011
        duf4 |   .0167982   .0045599     3.68   0.001     .0074068    .0261895
        duf5 |  -.0498897   .0002372  -210.30   0.000    -.0503783   -.0494011
        duf6 |   .0032727   .0006778     4.83   0.000     .0018767    .0046686
        duf7 |   .1338237   .0167554     7.99   0.000     .0993153    .1683322
        duf8 |   .0721932   .0016572    43.56   0.000     .0687802    .0756062
        duf9 |   .0979456    .017106     5.73   0.000     .0627151    .1331761
       duf10 |   .0186642   .0003082    60.56   0.000     .0180295    .0192988
       duf11 |   .0099279   .0024973     3.98   0.001     .0047846    .0150712
       duf12 |    .118202    .016986     6.96   0.000     .0832187    .1531854
       duf13 |   .1048613   .0171758     6.11   0.000     .0694871    .1402355
       duf14 |  -.0706325   .0001654  -427.00   0.000    -.0709732   -.0702919
       duf15 |  -.0432645    .000324  -133.55   0.000    -.0439317   -.0425972
       duf16 |   -.066554   .0012376   -53.78   0.000    -.0691029   -.0640051
       duf17 |    .004759   .0008984     5.30   0.000     .0029087    .0066093
       duf18 |   .0819532   .0205145     3.99   0.001     .0397028    .1242036
       duf19 |          0  (omitted)
       duf20 |  -.0240158   .0001831  -131.15   0.000    -.0243929   -.0236386
       duf21 |  -.0398534   .0006882   -57.91   0.000    -.0412708    -.038436
       duf22 |   .0131686   .0045599     2.89   0.008     .0037773      .02256
       duf23 |   .1051721   .0204235     5.15   0.000      .063109    .1472351
       duf24 |   .1050971   .0206236     5.10   0.000      .062622    .1475721
       duf25 |          0  (omitted)
       duf26 |          0  (omitted)
       duf27 |  -.0288055   .0024866   -11.58   0.000    -.0339267   -.0236842
      delec2 |   .0942498   .0218255     4.32   0.000     .0492994    .1392002
      delec3 |   .2286269   .0123068    18.58   0.000     .2032806    .2539731
     reg1_94 |          0  (omitted)
     reg2_94 |   .0712424   .0177957     4.00   0.000     .0345914    .1078934
     reg3_94 |   .1907421   .0220202     8.66   0.000     .1453907    .2360934
     reg4_94 |          0  (omitted)
     reg5_94 |  -.0121822   .0158003    -0.77   0.448    -.0447236    .0203592
     reg1_98 |  -.0070158   .0162102    -0.43   0.669    -.0404014    .0263699
     reg2_98 |   .0896209   .0238802     3.75   0.001     .0404387    .1388031
     reg3_98 |   .1673616   .0235928     7.09   0.000     .1187714    .2159518
     reg4_98 |   .0302726   .0236333     1.28   0.212    -.0184011    .0789463
     reg5_98 |          0  (omitted)
     reg1_02 |          0  (omitted)
     reg2_02 |   .1099173   .0211974     5.19   0.000     .0662604    .1535742
     reg3_02 |      .1441    .023062     6.25   0.000     .0966029    .1915971
     reg4_02 |   .0568169   .0303133     1.87   0.073    -.0056144    .1192483
     reg5_02 |          0  (omitted)
       _cons |   .6068494    .014478    41.92   0.000     .5770314    .6366674
------------------------------------------------------------------------------
(1 real change made)
(1 real change made)
(1 real change made)
note: duf20 omitted because of collinearity
note: duf25 omitted because of collinearity
note: duf26 omitted because of collinearity
note: reg1_94 omitted because of collinearity
note: reg4_94 omitted because of collinearity
note: reg1_98 omitted because of collinearity
note: reg1_02 omitted because of collinearity
note: reg5_02 omitted because of collinearity

Linear regression                               Number of obs     =         78
                                                F(10, 25)         =          .
                                                Prob > F          =          .
                                                R-squared         =     0.9749
                                                Root MSE          =     .02428

                                    (Std. Err. adjusted for 26 clusters in uf)
------------------------------------------------------------------------------
             |               Robust
   util_rate |      Coef.   Std. Err.      t    P>|t|     [95% Conf. Interval]
-------------+----------------------------------------------------------------
     inst98e |   .1024989   .0233614     4.39   0.000     .0543852    .1506125
        duf2 |  -.0353446   .0051822    -6.82   0.000    -.0460174   -.0246717
        duf3 |   -.019822     .00075   -26.43   0.000    -.0213667   -.0182772
        duf4 |   .0158138   .0042971     3.68   0.001     .0069637    .0246639
        duf5 |  -.0499409   .0002236  -223.39   0.000    -.0504014   -.0494805
        duf6 |   .0031264   .0006387     4.89   0.000     .0018109    .0044419
        duf7 |   .1339662   .0139063     9.63   0.000     .1053256    .1626067
        duf8 |    .072551   .0015617    46.46   0.000     .0693347    .0757673
        duf9 |   .0991786   .0139407     7.11   0.000     .0704673      .12789
       duf10 |   .0187307   .0002904    64.50   0.000     .0181326    .0193288
       duf11 |    .010467   .0023534     4.45   0.000     .0056201    .0153138
       duf12 |   .1193052    .013851     8.61   0.000     .0907784    .1478319
       duf13 |   .1061612   .0139956     7.59   0.000     .0773367    .1349858
       duf14 |  -.0705968   .0001559  -452.88   0.000    -.0709179   -.0702758
       duf15 |  -.0431945   .0003053  -141.49   0.000    -.0438233   -.0425658
       duf16 |  -.0668212   .0011663   -57.29   0.000    -.0692232   -.0644192
       duf17 |    .004953   .0008466     5.85   0.000     .0032093    .0066966
       duf18 |   .0828978   .0179871     4.61   0.000     .0458527     .119943
       duf19 |    .048155   .0018447    26.10   0.000     .0443559    .0519542
       duf20 |          0  (omitted)
       duf21 |  -.0397048   .0006485   -61.22   0.000    -.0410405   -.0383691
       duf22 |   .0121842   .0042971     2.84   0.009     .0033342    .0210343
       duf23 |   .1059833   .0179318     5.91   0.000     .0690519    .1429146
       duf24 |   .1061751    .018061     5.88   0.000     .0689778    .1433725
       duf25 |          0  (omitted)
       duf26 |          0  (omitted)
       duf27 |  -.0282687   .0023433   -12.06   0.000    -.0330948   -.0234426
      delec2 |    .084289   .0200232     4.21   0.000     .0430504    .1255276
      delec3 |   .2286269   .0123068    18.58   0.000     .2032806    .2539731
     reg1_94 |          0  (omitted)
     reg2_94 |   .0735956   .0158376     4.65   0.000     .0409774    .1062137
     reg3_94 |   .1918895   .0200365     9.58   0.000     .1506236    .2331554
     reg4_94 |          0  (omitted)
     reg5_94 |  -.0121822   .0158003    -0.77   0.448    -.0447236    .0203592
     reg1_98 |          0  (omitted)
     reg2_98 |   .0977088    .019664     4.97   0.000       .05721    .1382075
     reg3_98 |    .175463   .0196103     8.95   0.000     .1350749    .2158511
     reg4_98 |   .0412197   .0194827     2.12   0.045     .0010944     .081345
     reg5_98 |   .0075564    .015714     0.48   0.635    -.0248072      .03992
     reg1_02 |          0  (omitted)
     reg2_02 |   .1104808   .0191996     5.75   0.000     .0709385    .1500231
     reg3_02 |   .1452474   .0206093     7.05   0.000     .1028017    .1876931
     reg4_02 |   .0545807   .0242995     2.25   0.034      .004535    .1046264
     reg5_02 |          0  (omitted)
       _cons |   .6059048   .0107566    56.33   0.000     .5837511    .6280584
------------------------------------------------------------------------------
(1 real change made)
(1 real change made)
(1 real change made)
note: duf21 omitted because of collinearity
note: duf25 omitted because of collinearity
note: duf26 omitted because of collinearity
note: reg1_94 omitted because of collinearity
note: reg4_94 omitted because of collinearity
note: reg1_98 omitted because of collinearity
note: reg1_02 omitted because of collinearity
note: reg5_02 omitted because of collinearity

Linear regression                               Number of obs     =         78
                                                F(10, 25)         =          .
                                                Prob > F          =          .
                                                R-squared         =     0.9756
                                                Root MSE          =     .02421

                                    (Std. Err. adjusted for 26 clusters in uf)
------------------------------------------------------------------------------
             |               Robust
   util_rate |      Coef.   Std. Err.      t    P>|t|     [95% Conf. Interval]
-------------+----------------------------------------------------------------
     inst98e |   .1027171   .0230323     4.46   0.000     .0552811     .150153
        duf2 |   -.035393   .0051092    -6.93   0.000    -.0459155   -.0248704
        duf3 |   -.019829   .0007395   -26.82   0.000    -.0213519    -.018306
        duf4 |   .0157737   .0042366     3.72   0.001     .0070482    .0244991
        duf5 |   -.049943   .0002204  -226.59   0.000     -.050397   -.0494891
        duf6 |   .0031204   .0006297     4.96   0.000     .0018234    .0044174
        duf7 |   .1339383   .0138908     9.64   0.000     .1053297    .1625469
        duf8 |   .0725655   .0015397    47.13   0.000     .0693945    .0757366
        duf9 |   .0991952   .0139378     7.12   0.000     .0704898    .1279006
       duf10 |   .0187334   .0002863    65.43   0.000     .0181437    .0193231
       duf11 |    .010489   .0023202     4.52   0.000     .0057104    .0152675
       duf12 |   .1193165    .013849     8.62   0.000     .0907939     .147839
       duf13 |   .1061806    .013992     7.59   0.000     .0773634    .1349977
       duf14 |  -.0705954   .0001537  -459.34   0.000    -.0709119   -.0702789
       duf15 |  -.0431917    .000301  -143.50   0.000    -.0438116   -.0425718
       duf16 |  -.0668321   .0011498   -58.12   0.000    -.0692002   -.0644639
       duf17 |   .0049609   .0008347     5.94   0.000     .0032418    .0066799
       duf18 |   .0829027   .0179852     4.61   0.000     .0458614    .1199439
       duf19 |   .0481378   .0018187    26.47   0.000     .0443921    .0518834
       duf20 |  -.0239746   .0001701  -140.91   0.000     -.024325   -.0236242
       duf21 |          0  (omitted)
       duf22 |   .0121441   .0042366     2.87   0.008     .0034187    .0208695
       duf23 |   .1059827   .0179291     5.91   0.000     .0690569    .1429084
       duf24 |   .1061854   .0180594     5.88   0.000     .0689914    .1433795
       duf25 |          0  (omitted)
       duf26 |          0  (omitted)
       duf27 |  -.0282468   .0023103   -12.23   0.000    -.0330049   -.0234887
      delec2 |   .0841689    .019921     4.23   0.000     .0431408    .1251971
      delec3 |   .2286269   .0123068    18.58   0.000     .2032806    .2539731
     reg1_94 |          0  (omitted)
     reg2_94 |   .0723401   .0150119     4.82   0.000     .0414225    .1032578
     reg3_94 |   .1940593   .0223743     8.67   0.000     .1479786    .2401399
     reg4_94 |          0  (omitted)
     reg5_94 |  -.0121822   .0158003    -0.77   0.448    -.0447236    .0203592
     reg1_98 |          0  (omitted)
     reg2_98 |   .0984916   .0195691     5.03   0.000     .0581883    .1387949
     reg3_98 |   .1748195   .0198682     8.80   0.000     .1339001    .2157389
     reg4_98 |   .0411878   .0194484     2.12   0.044     .0011331    .0812424
     reg5_98 |   .0075784    .015687     0.48   0.633    -.0247295    .0398864
     reg1_02 |          0  (omitted)
     reg2_02 |    .111015   .0186622     5.95   0.000     .0725795    .1494505
     reg3_02 |   .1437579   .0217257     6.62   0.000      .099013    .1885027
     reg4_02 |   .0545807   .0242995     2.25   0.034      .004535    .1046264
     reg5_02 |          0  (omitted)
       _cons |   .6058999   .0107528    56.35   0.000     .5837541    .6280458
------------------------------------------------------------------------------
(1 real change made)
(1 real change made)
(1 real change made)
note: duf22 omitted because of collinearity
note: duf25 omitted because of collinearity
note: duf26 omitted because of collinearity
note: reg1_94 omitted because of collinearity
note: reg4_94 omitted because of collinearity
note: reg1_98 omitted because of collinearity
note: reg1_02 omitted because of collinearity
note: reg5_02 omitted because of collinearity

Linear regression                               Number of obs     =         78
                                                F(10, 25)         =          .
                                                Prob > F          =          .
                                                R-squared         =     0.9770
                                                Root MSE          =      .0233

                                    (Std. Err. adjusted for 26 clusters in uf)
------------------------------------------------------------------------------
             |               Robust
   util_rate |      Coef.   Std. Err.      t    P>|t|     [95% Conf. Interval]
-------------+----------------------------------------------------------------
     inst98e |   .1119993   .0254481     4.40   0.000     .0595879    .1644107
        duf2 |   -.037452    .005645    -6.63   0.000    -.0490782   -.0258258
        duf3 |   -.020127    .000817   -24.63   0.000    -.0218097   -.0184443
        duf4 |   .0140663    .004681     3.01   0.006     .0044257    .0237069
        duf5 |  -.0500318   .0002435  -205.44   0.000    -.0505334   -.0495303
        duf6 |   .0028666   .0006958     4.12   0.000     .0014336    .0042996
        duf7 |   .1327526   .0138274     9.60   0.000     .1042745    .1612307
        duf8 |    .073186   .0017012    43.02   0.000     .0696825    .0766896
        duf9 |    .099901   .0139167     7.18   0.000      .071239    .1285631
       duf10 |   .0188488   .0003163    59.58   0.000     .0181973    .0195003
       duf11 |    .011424   .0025636     4.46   0.000     .0061442    .0167038
       duf12 |    .119797   .0138043     8.68   0.000     .0913665    .1482276
       duf13 |   .1070025    .013985     7.65   0.000     .0781998    .1358051
       duf14 |  -.0705334   .0001698  -415.37   0.000    -.0708832   -.0701837
       duf15 |  -.0430704   .0003326  -129.51   0.000    -.0437553   -.0423854
       duf16 |  -.0672955   .0012705   -52.97   0.000     -.069912   -.0646789
       duf17 |   .0052972   .0009222     5.74   0.000     .0033979    .0071966
       duf18 |   .0831083   .0178851     4.65   0.000     .0462733    .1199434
       duf19 |   .0474049   .0020094    23.59   0.000     .0432663    .0515434
       duf20 |  -.0239061    .000188  -127.17   0.000    -.0242932   -.0235189
       duf21 |  -.0394411   .0007065   -55.83   0.000    -.0408961   -.0379861
       duf22 |          0  (omitted)
       duf23 |   .1059569   .0178244     5.94   0.000     .0692469    .1426668
       duf24 |   .1066225   .0179681     5.93   0.000     .0696166    .1436284
       duf25 |          0  (omitted)
       duf26 |          0  (omitted)
       duf27 |  -.0273157   .0025526   -10.70   0.000    -.0325729   -.0220586
      delec2 |   .0790608   .0210718     3.75   0.001     .0356626    .1224589
      delec3 |   .2286269   .0123068    18.58   0.000     .2032806    .2539731
     reg1_94 |          0  (omitted)
     reg2_94 |   .0727928   .0148168     4.91   0.000      .042277    .1033087
     reg3_94 |   .1865945    .021015     8.88   0.000     .1433133    .2298756
     reg4_94 |          0  (omitted)
     reg5_94 |  -.0121822   .0158003    -0.77   0.448    -.0447236    .0203592
     reg1_98 |          0  (omitted)
     reg2_98 |   .1002062   .0193577     5.18   0.000     .0603382    .1400741
     reg3_98 |   .1792717   .0200891     8.92   0.000     .1378974     .220646
     reg4_98 |   .0398295   .0186831     2.13   0.043      .001351     .078308
     reg5_98 |   .0085162     .01498     0.57   0.575    -.0223357    .0393681
     reg1_02 |          0  (omitted)
     reg2_02 |   .1114677   .0186678     5.97   0.000     .0730206    .1499148
     reg3_02 |   .1483356   .0212034     7.00   0.000     .1046664    .1920048
     reg4_02 |   .0545807   .0242995     2.25   0.034      .004535    .1046264
     reg5_02 |          0  (omitted)
       _cons |   .6056943    .010621    57.03   0.000       .58382    .6275686
------------------------------------------------------------------------------
(1 real change made)
(1 real change made)
(1 real change made)
note: duf23 omitted because of collinearity
note: duf25 omitted because of collinearity
note: duf26 omitted because of collinearity
note: reg1_94 omitted because of collinearity
note: reg4_94 omitted because of collinearity
note: reg1_98 omitted because of collinearity
note: reg5_98 omitted because of collinearity
note: reg1_02 omitted because of collinearity

Linear regression                               Number of obs     =         78
                                                F(9, 25)          =          .
                                                Prob > F          =          .
                                                R-squared         =     0.9755
                                                Root MSE          =     .02424

                                    (Std. Err. adjusted for 26 clusters in uf)
------------------------------------------------------------------------------
             |               Robust
   util_rate |      Coef.   Std. Err.      t    P>|t|     [95% Conf. Interval]
-------------+----------------------------------------------------------------
     inst98e |   .1012576   .0232028     4.36   0.000     .0534706    .1490446
        duf2 |  -.0350692    .005147    -6.81   0.000    -.0456696   -.0244688
        duf3 |  -.0197821   .0007449   -26.56   0.000    -.0213163   -.0182479
        duf4 |   .0160421   .0042679     3.76   0.001     .0072521    .0248321
        duf5 |  -.0499291    .000222  -224.86   0.000    -.0503864   -.0494717
        duf6 |   .0031603   .0006344     4.98   0.000     .0018537    .0044669
        duf7 |   .1341247   .0139203     9.64   0.000     .1054554     .162794
        duf8 |    .072468   .0015511    46.72   0.000     .0692735    .0756625
        duf9 |   .0990842   .0139495     7.10   0.000     .0703547    .1278138
       duf10 |   .0187153   .0002884    64.89   0.000     .0181212    .0193093
       duf11 |   .0103419   .0023374     4.42   0.000      .005528    .0151559
       duf12 |   .1192409   .0138617     8.60   0.000     .0906922    .1477896
       duf13 |   .1060513   .0140034     7.57   0.000     .0772107    .1348919
       duf14 |  -.0706051   .0001548  -456.03   0.000     -.070924   -.0702862
       duf15 |  -.0432107   .0003032  -142.51   0.000    -.0438352   -.0425862
       duf16 |  -.0667592   .0011584   -57.63   0.000    -.0691449   -.0643735
       duf17 |    .004908   .0008409     5.84   0.000     .0031762    .0066398
       duf18 |   .0877578   .0201334     4.36   0.000     .0462923    .1292233
       duf19 |    .048253   .0018321    26.34   0.000     .0444797    .0520264
       duf20 |  -.0239854   .0001714  -139.94   0.000    -.0243384   -.0236324
       duf21 |  -.0397393   .0006441   -61.69   0.000    -.0410659   -.0384127
       duf22 |   .0124126   .0042679     2.91   0.008     .0036226    .0212025
       duf23 |          0  (omitted)
       duf24 |   .1110041   .0202548     5.48   0.000     .0692887    .1527196
       duf25 |          0  (omitted)
       duf26 |          0  (omitted)
       duf27 |  -.0283932   .0023274   -12.20   0.000    -.0331865   -.0235999
      delec2 |   .0849721   .0199459     4.26   0.000     .0438926    .1260515
      delec3 |   .2286269   .0123068    18.58   0.000     .2032806    .2539731
     reg1_94 |          0  (omitted)
     reg2_94 |    .072269   .0150478     4.80   0.000     .0412773    .1032606
     reg3_94 |   .1918149   .0200183     9.58   0.000     .1505864    .2330435
     reg4_94 |          0  (omitted)
     reg5_94 |  -.0198347   .0173934    -1.14   0.265    -.0556571    .0159877
     reg1_98 |          0  (omitted)
     reg2_98 |    .098222   .0196396     5.00   0.000     .0577735    .1386704
     reg3_98 |   .1754028   .0196118     8.94   0.000     .1350115    .2157941
     reg4_98 |   .0414013   .0196032     2.11   0.045     .0010277    .0817749
     reg5_98 |          0  (omitted)
     reg1_02 |          0  (omitted)
     reg2_02 |   .1109438    .018663     5.94   0.000     .0725067    .1493809
     reg3_02 |   .1451729   .0206345     7.04   0.000     .1026753    .1876704
     reg4_02 |   .0545807   .0242995     2.25   0.034      .004535    .1046264
     reg5_02 |   .0004211   .0166507     0.03   0.980    -.0338717    .0347139
       _cons |   .6059323   .0107757    56.23   0.000     .5837393    .6281252
------------------------------------------------------------------------------
(1 real change made)
(1 real change made)
(1 real change made)
note: duf24 omitted because of collinearity
note: duf25 omitted because of collinearity
note: duf26 omitted because of collinearity
note: reg1_94 omitted because of collinearity
note: reg4_94 omitted because of collinearity
note: reg1_98 omitted because of collinearity
note: reg5_98 omitted because of collinearity
note: reg1_02 omitted because of collinearity

Linear regression                               Number of obs     =         78
                                                F(9, 25)          =          .
                                                Prob > F          =          .
                                                R-squared         =     0.9752
                                                Root MSE          =     .02433

                                    (Std. Err. adjusted for 26 clusters in uf)
------------------------------------------------------------------------------
             |               Robust
   util_rate |      Coef.   Std. Err.      t    P>|t|     [95% Conf. Interval]
-------------+----------------------------------------------------------------
     inst98e |   .1023715   .0231467     4.42   0.000        .0547     .150043
        duf2 |  -.0353163   .0051345    -6.88   0.000    -.0458911   -.0247415
        duf3 |  -.0198179   .0007431   -26.67   0.000    -.0213484   -.0182873
        duf4 |   .0158372   .0042576     3.72   0.001     .0070685     .024606
        duf5 |  -.0499397   .0002215  -225.45   0.000    -.0503959   -.0494835
        duf6 |   .0031298   .0006329     4.95   0.000     .0018264    .0044333
        duf7 |   .1339825   .0139026     9.64   0.000     .1053496    .1626153
        duf8 |   .0725424   .0015473    46.88   0.000     .0693557    .0757292
        duf9 |   .0991689   .0139395     7.11   0.000     .0704601    .1278778
       duf10 |   .0187291   .0002877    65.09   0.000     .0181365    .0193217
       duf11 |   .0104541   .0023317     4.48   0.000     .0056518    .0152565
       duf12 |   .1192986   .0138511     8.61   0.000     .0907717    .1478254
       duf13 |     .10615   .0139936     7.59   0.000     .0773295    .1349704
       duf14 |  -.0705977   .0001545  -457.09   0.000    -.0709158   -.0702796
       duf15 |  -.0431962   .0003025  -142.80   0.000    -.0438192   -.0425732
       duf16 |  -.0668148   .0011556   -57.82   0.000    -.0691947   -.0644349
       duf17 |   .0049483   .0008388     5.90   0.000     .0032207     .006676
       duf18 |   .0879739   .0199305     4.41   0.000     .0469262    .1290215
       duf19 |   .0481651   .0018277    26.35   0.000     .0444008    .0519293
       duf20 |  -.0239772    .000171  -140.23   0.000    -.0243293    -.023625
       duf21 |  -.0397084   .0006426   -61.80   0.000    -.0410318   -.0383849
       duf22 |   .0122077   .0042576     2.87   0.008     .0034389    .0209764
       duf23 |   .1110625   .0198558     5.59   0.000     .0701688    .1519562
       duf24 |          0  (omitted)
       duf25 |          0  (omitted)
       duf26 |          0  (omitted)
       duf27 |  -.0282815   .0023218   -12.18   0.000    -.0330632   -.0234997
      delec2 |   .0843591   .0199445     4.23   0.000     .0432825    .1254356
      delec3 |   .2286269   .0123068    18.58   0.000     .2032806    .2539731
     reg1_94 |          0  (omitted)
     reg2_94 |   .0723233   .0150248     4.81   0.000     .0413792    .1032674
     reg3_94 |   .1918818   .0200344     9.58   0.000     .1506201    .2331435
     reg4_94 |          0  (omitted)
     reg5_94 |  -.0153952   .0154002    -1.00   0.327    -.0471125    .0163221
     reg1_98 |          0  (omitted)
     reg2_98 |   .0984277   .0195813     5.03   0.000     .0580992    .1387563
     reg3_98 |   .1754568   .0196094     8.95   0.000     .1350706    .2158431
     reg4_98 |   .0412383   .0194902     2.12   0.044     .0010976    .0813791
     reg5_98 |          0  (omitted)
     reg1_02 |          0  (omitted)
     reg2_02 |   .1109981   .0186587     5.95   0.000     .0725698    .1494265
     reg3_02 |   .1452397   .0206105     7.05   0.000     .1027916    .1876879
     reg4_02 |   .0545807   .0242995     2.25   0.034      .004535    .1046264
     reg5_02 |  -.0044801   .0205506    -0.22   0.829    -.0468049    .0378447
       _cons |   .6059076   .0107583    56.32   0.000     .5837504    .6280648
------------------------------------------------------------------------------
(1 real change made)
(1 real change made)
(1 real change made)
note: duf20 omitted because of collinearity
note: duf25 omitted because of collinearity
note: duf26 omitted because of collinearity
note: reg1_94 omitted because of collinearity
note: reg4_94 omitted because of collinearity
note: reg1_98 omitted because of collinearity
note: reg1_02 omitted because of collinearity
note: reg5_02 omitted because of collinearity

Linear regression                               Number of obs     =         78
                                                F(10, 25)         =          .
                                                Prob > F          =          .
                                                R-squared         =     0.9768
                                                Root MSE          =     .02359

                                    (Std. Err. adjusted for 26 clusters in uf)
------------------------------------------------------------------------------
             |               Robust
   util_rate |      Coef.   Std. Err.      t    P>|t|     [95% Conf. Interval]
-------------+----------------------------------------------------------------
     inst98e |   .1012651   .0227498     4.45   0.000     .0544111    .1481191
        duf2 |  -.0110855   .0052145    -2.13   0.044    -.0218251    -.000346
        duf3 |  -.0197824   .0007304   -27.08   0.000    -.0212866   -.0182781
        duf4 |   .0160407   .0041846     3.83   0.001     .0074224    .0246591
        duf5 |  -.0259438   .0003858   -67.25   0.000    -.0267383   -.0251493
        duf6 |   .0271454   .0007901    34.36   0.000     .0255183    .0287726
        duf7 |   .1341238   .0139081     9.64   0.000     .1054796     .162768
        duf8 |   .0724685   .0015208    47.65   0.000     .0693364    .0756006
        duf9 |   .0990848   .0139451     7.11   0.000     .0703644    .1278052
       duf10 |   .0427007   .0001148   372.10   0.000     .0424644     .042937
       duf11 |   .0103427   .0022918     4.51   0.000     .0056227    .0150626
       duf12 |   .1192413   .0138596     8.60   0.000      .090697    .1477856
       duf13 |    .106052   .0139975     7.58   0.000     .0772237    .1348803
       duf14 |  -.0706051   .0001518  -465.11   0.000    -.0709177   -.0702924
       duf15 |  -.0192253   .0001292  -148.75   0.000    -.0194915   -.0189591
       duf16 |  -.0427742   .0013038   -32.81   0.000    -.0454594    -.040089
       duf17 |   .0288936   .0006564    44.02   0.000     .0275417    .0302455
       duf18 |   .0828705   .0180018     4.60   0.000     .0457951    .1199459
       duf19 |   .0482524   .0017964    26.86   0.000     .0445528    .0519521
       duf20 |          0  (omitted)
       duf21 |  -.0397391   .0006316   -62.92   0.000    -.0410398   -.0384383
       duf22 |   .0124112   .0041846     2.97   0.007     .0037928    .0210296
       duf23 |   .1059867   .0179466     5.91   0.000      .069025    .1429484
       duf24 |    .106117   .0180746     5.87   0.000     .0688916    .1433425
       duf25 |          0  (omitted)
       duf26 |          0  (omitted)
       duf27 |  -.0283924   .0022819   -12.44   0.000    -.0330922   -.0236927
      delec2 |    .084968   .0197871     4.29   0.000     .0442157    .1257203
      delec3 |   .2286269   .0123068    18.58   0.000     .2032806    .2539731
     reg1_94 |          0  (omitted)
     reg2_94 |   .0447125   .0151335     2.95   0.007     .0135443    .0758806
     reg3_94 |   .1918154   .0200168     9.58   0.000     .1505899    .2330408
     reg4_94 |          0  (omitted)
     reg5_94 |  -.0121822   .0158003    -0.77   0.448    -.0447236    .0203592
     reg1_98 |          0  (omitted)
     reg2_98 |   .0750218   .0196853     3.81   0.001     .0344792    .1155645
     reg3_98 |   .1754032   .0196104     8.94   0.000     .1350148    .2157916
     reg4_98 |   .0414002   .0195912     2.11   0.045     .0010513    .0817492
     reg5_98 |   .0074318   .0158147     0.47   0.642    -.0251393    .0400028
     reg1_02 |          0  (omitted)
     reg2_02 |   .0897465   .0187641     4.78   0.000     .0511011    .1283919
     reg3_02 |   .1451733   .0206323     7.04   0.000     .1026803    .1876663
     reg4_02 |   .0545807   .0242995     2.25   0.034      .004535    .1046264
     reg5_02 |          0  (omitted)
       _cons |   .6059321   .0107751    56.23   0.000     .5837404    .6281238
------------------------------------------------------------------------------
(1 real change made)
(1 real change made)
(1 real change made)
note: duf24 omitted because of collinearity
note: duf25 omitted because of collinearity
note: duf26 omitted because of collinearity
note: reg1_94 omitted because of collinearity
note: reg5_94 omitted because of collinearity
note: reg5_98 omitted because of collinearity
note: reg1_02 omitted because of collinearity
note: reg4_02 omitted because of collinearity

Linear regression                               Number of obs     =         78
                                                F(10, 25)         =          .
                                                Prob > F          =          .
                                                R-squared         =     0.9751
                                                Root MSE          =     .02391

                                    (Std. Err. adjusted for 26 clusters in uf)
------------------------------------------------------------------------------
             |               Robust
   util_rate |      Coef.   Std. Err.      t    P>|t|     [95% Conf. Interval]
-------------+----------------------------------------------------------------
     inst98e |   .1018845   .0231697     4.40   0.000     .0541656    .1496033
        duf2 |  -.0352083   .0051396    -6.85   0.000    -.0457935    -.024623
        duf3 |  -.0198022   .0007439   -26.62   0.000    -.0213343   -.0182702
        duf4 |   .0159268   .0042619     3.74   0.001     .0071494    .0247043
        duf5 |  -.0499351   .0002217  -225.21   0.000    -.0503917   -.0494784
        duf6 |   .0031432   .0006335     4.96   0.000     .0018385    .0044479
        duf7 |   .0400807   .0097291     4.12   0.000     .0200432    .0601181
        duf8 |   .0268833    .016247     1.65   0.110     -.006578    .0603447
        duf9 |   .0051679    .009214     0.56   0.580    -.0138087    .0241445
       duf10 |    .018723    .000288    65.00   0.000     .0181298    .0193162
       duf11 |  -.0352215   .0163612    -2.15   0.041    -.0689181   -.0015249
       duf12 |   .0253093   .0091499     2.77   0.011     .0064647     .044154
       duf13 |   .0121428   .0092602     1.31   0.202    -.0069289    .0312146
       duf14 |  -.0706009   .0001546  -456.66   0.000    -.0709193   -.0702825
       duf15 |  -.0432025   .0003028  -142.68   0.000    -.0438261   -.0425789
       duf16 |  -.0667905   .0011567   -57.74   0.000    -.0691728   -.0644082
       duf17 |   .0049307   .0008397     5.87   0.000     .0032014      .00666
       duf18 |   -.023262   .0005778   -40.26   0.000    -.0244519   -.0220721
       duf19 |    .002577   .0161866     0.16   0.875    -.0307599    .0359139
       duf20 |  -.0239808   .0001712  -140.11   0.000    -.0243333   -.0236283
       duf21 |  -.0397219   .0006432   -61.75   0.000    -.0410466   -.0383971
       duf22 |   .0122973   .0042619     2.89   0.008     .0035198    .0210747
       duf23 |  -.0001612   .0011555    -0.14   0.890     -.002541    .0022185
       duf24 |          0  (omitted)
       duf25 |          0  (omitted)
       duf26 |          0  (omitted)
       duf27 |  -.0283303   .0023241   -12.19   0.000    -.0331168   -.0235438
      delec2 |   .1043036   .0118689     8.79   0.000     .0798591    .1287482
      delec3 |   .2286269   .0123068    18.58   0.000     .2032806    .2539731
     reg1_94 |          0  (omitted)
     reg2_94 |  -.0216645   .0112177    -1.93   0.065    -.0447678    .0014388
     reg3_94 |   .0978886   .0174459     5.61   0.000      .061958    .1338191
     reg4_94 |  -.0423262   .0232558    -1.82   0.081    -.0902224      .00557
     reg5_94 |          0  (omitted)
     reg1_98 |  -.0196765   .0160634    -1.22   0.232    -.0527598    .0134067
     reg2_98 |  -.0153028   .0071674    -2.14   0.043    -.0300643   -.0005413
     reg3_98 |   .0617927    .008338     7.41   0.000     .0446202    .0789652
     reg4_98 |  -.0264723   .0195371    -1.35   0.188    -.0667097    .0137651
     reg5_98 |          0  (omitted)
     reg1_02 |          0  (omitted)
     reg2_02 |   .0170104    .015309     1.11   0.277     -.014519    .0485398
     reg3_02 |   .0512465   .0175786     2.92   0.007     .0150428    .0874503
     reg4_02 |          0  (omitted)
     reg5_02 |   .0121822   .0158003     0.77   0.448    -.0203592    .0447236
       _cons |   .6998824   .0032934   212.51   0.000     .6930996    .7066652
------------------------------------------------------------------------------
(1 real change made)
(1 real change made)
(1 real change made)
note: duf25 omitted because of collinearity
note: duf26 omitted because of collinearity
note: duf27 omitted because of collinearity
note: reg1_94 omitted because of collinearity
note: reg4_94 omitted because of collinearity
note: reg1_98 omitted because of collinearity
note: reg1_02 omitted because of collinearity
note: reg5_02 omitted because of collinearity

Linear regression                               Number of obs     =         78
                                                F(10, 25)         =          .
                                                Prob > F          =          .
                                                R-squared         =     0.9756
                                                Root MSE          =     .02423

                                    (Std. Err. adjusted for 26 clusters in uf)
------------------------------------------------------------------------------
             |               Robust
   util_rate |      Coef.   Std. Err.      t    P>|t|     [95% Conf. Interval]
-------------+----------------------------------------------------------------
     inst98e |   .1074939   .0227718     4.72   0.000     .0605944    .1543933
        duf2 |  -.0364526   .0050514    -7.22   0.000    -.0468561   -.0260491
        duf3 |  -.0199823   .0007311   -27.33   0.000    -.0214881   -.0184766
        duf4 |    .014895   .0041887     3.56   0.002     .0062683    .0235218
        duf5 |  -.0499887   .0002179  -229.39   0.000    -.0504375   -.0495399
        duf6 |   .0029898   .0006226     4.80   0.000     .0017075    .0042721
        duf7 |   .1333281   .0138023     9.66   0.000     .1049019    .1617544
        duf8 |   .0728849   .0015223    47.88   0.000     .0697497      .07602
        duf9 |   .0995584   .0139124     7.16   0.000     .0709053    .1282116
       duf10 |   .0187928   .0002831    66.39   0.000     .0182098    .0193758
       duf11 |   .0109702    .002294     4.78   0.000     .0062456    .0156947
       duf12 |   .1195638   .0138178     8.65   0.000     .0911054    .1480221
       duf13 |   .1066035   .0139694     7.63   0.000     .0778329    .1353742
       duf14 |  -.0705635   .0001519  -464.39   0.000    -.0708764   -.0702506
       duf15 |  -.0431292   .0002976  -144.93   0.000    -.0437421   -.0425163
       duf16 |  -.0670706   .0011368   -59.00   0.000    -.0694119   -.0647292
       duf17 |    .005134   .0008253     6.22   0.000     .0034343    .0068336
       duf18 |   .0830085   .0179333     4.63   0.000     .0460742    .1199427
       duf19 |   .0477606   .0017981    26.56   0.000     .0440573    .0514639
       duf20 |  -.0239393   .0001682  -142.32   0.000    -.0242858   -.0235929
       duf21 |  -.0395662   .0006322   -62.59   0.000    -.0408681   -.0382642
       duf22 |   .0112655   .0041887     2.69   0.013     .0026387    .0198922
       duf23 |   .1059694   .0178735     5.93   0.000     .0691583    .1427805
       duf24 |   .1064104   .0180108     5.91   0.000     .0693165    .1435043
       duf25 |          0  (omitted)
       duf26 |          0  (omitted)
       duf27 |          0  (omitted)
      delec2 |   .0815402   .0199971     4.08   0.000     .0403553    .1227251
      delec3 |   .2286269   .0123068    18.58   0.000     .2032806    .2539731
     reg1_94 |          0  (omitted)
     reg2_94 |   .0725731   .0148932     4.87   0.000     .0418999    .1032463
     reg3_94 |   .1939804   .0225984     8.58   0.000     .1474381    .2405228
     reg4_94 |          0  (omitted)
     reg5_94 |  -.0121822   .0158003    -0.77   0.448    -.0447236    .0203592
     reg1_98 |          0  (omitted)
     reg2_98 |   .0993739   .0193938     5.12   0.000     .0594316    .1393162
     reg3_98 |   .1737338   .0196384     8.85   0.000     .1332878    .2141798
     reg4_98 |   .0404888   .0189741     2.13   0.043      .001411    .0795666
     reg5_98 |    .008061   .0152744     0.53   0.602    -.0233973    .0395193
     reg1_02 |          0  (omitted)
     reg2_02 |    .111248   .0186688     5.96   0.000     .0727988    .1496972
     reg3_02 |   .1457278   .0217492     6.70   0.000     .1009344    .1905213
     reg4_02 |   .0545807   .0242995     2.25   0.034      .004535    .1046264
     reg5_02 |          0  (omitted)
       _cons |   .6057941    .010681    56.72   0.000     .5837962     .627792
------------------------------------------------------------------------------
(1 real change made)
(1 real change made)
(1 real change made)

. 
. // using the initial equation (8) as benchmark
. qui reg util_rate inst98e duf2-duf27 delec2 delec3 reg?_*, cl(uf)

. local effect = _b[inst98e]

. 
. scatter coef uf_id, xlabel(1/27, labsize(small)valuelabel) || ///
> rcap lb ub uf_id, legend(off) xtitle("") ylabel(0(0.05)0.15) yline(`effect', lcolor(red))

.  
. graph export "$workdir\graph3.pdf", replace
(file C:\Users\roble\Desktop\Working\STATA\HW 10\graph3.pdf written in PDF format)

. 
. ********************************************************
. * Q.8 Health Care Spending 
. 
. use "$datadir/yearly.dta", clear

. 
. areg ssaude inst1996-inst2006 reg* if year_f>1994 & year_f<2007, rob a(uf)
note: reg1 omitted because of collinearity
note: reg2 omitted because of collinearity
note: reg3 omitted because of collinearity
note: reg4 omitted because of collinearity
note: reg5 omitted because of collinearity
note: reg1_02 omitted because of collinearity
note: reg2_02 omitted because of collinearity
note: reg3_02 omitted because of collinearity
note: reg4_02 omitted because of collinearity
note: reg5_02 omitted because of collinearity

Linear regression, absorbing indicators         Number of obs     =        324
                                                F(  21,    276)   =      20.04
                                                Prob > F          =     0.0000
                                                R-squared         =     0.7394
                                                Adj R-squared     =     0.6950
                                                Root MSE          =     0.0230

------------------------------------------------------------------------------
             |               Robust
      ssaude |      Coef.   Std. Err.      t    P>|t|     [95% Conf. Interval]
-------------+----------------------------------------------------------------
    inst1996 |  -.0127779   .0126746    -1.01   0.314    -.0377291    .0121734
    inst1997 |  -.0064584   .0154409    -0.42   0.676    -.0368554    .0239386
    inst1998 |  -.0113231   .0121509    -0.93   0.352    -.0352434    .0125972
    inst1999 |   .0146553    .021901     0.67   0.504     -.028459    .0577695
    inst2000 |   .0155051   .0205049     0.76   0.450    -.0248607     .055871
    inst2001 |   .0432355   .0193825     2.23   0.027     .0050792    .0813917
    inst2002 |   .0532131   .0198293     2.68   0.008     .0141774    .0922489
    inst2003 |   -.014409   .0184195    -0.78   0.435    -.0506695    .0218516
    inst2004 |    .000537   .0178622     0.03   0.976    -.0346265    .0357004
    inst2005 |   .0081406   .0192546     0.42   0.673    -.0297638    .0460451
    inst2006 |   .0149407   .0179107     0.83   0.405    -.0203181    .0501996
        reg1 |          0  (omitted)
        reg2 |          0  (omitted)
        reg3 |          0  (omitted)
        reg4 |          0  (omitted)
        reg5 |          0  (omitted)
     reg1_94 |  -.0415694   .0091864    -4.53   0.000    -.0596537   -.0234851
     reg2_94 |   -.044686   .0074773    -5.98   0.000    -.0594058   -.0299663
     reg3_94 |  -.0299192   .0104438    -2.86   0.004    -.0504789   -.0093596
     reg4_94 |   -.027566   .0139892    -1.97   0.050    -.0551051   -.0000268
     reg5_94 |  -.0479279   .0078265    -6.12   0.000    -.0633352   -.0325206
     reg1_98 |  -.0419001   .0089956    -4.66   0.000    -.0596088   -.0241914
     reg2_98 |  -.0424864   .0080275    -5.29   0.000    -.0582892   -.0266835
     reg3_98 |  -.0472264   .0109348    -4.32   0.000    -.0687526   -.0257002
     reg4_98 |  -.0445869   .0121698    -3.66   0.000    -.0685443   -.0206294
     reg5_98 |  -.0447065   .0081643    -5.48   0.000    -.0607787   -.0286342
     reg1_02 |          0  (omitted)
     reg2_02 |          0  (omitted)
     reg3_02 |          0  (omitted)
     reg4_02 |          0  (omitted)
     reg5_02 |          0  (omitted)
       _cons |   .1220773   .0090487    13.49   0.000      .104264    .1398906
-------------+----------------------------------------------------------------
          uf |   absorbed                                      (27 categories)

.  gen te_s = 0 if year_f==1995
(297 missing values generated)

.  forvalues i = 1996(1)2006 {
  2.   replace te_s = _b[inst`i'] if year_f==`i'
  3.  }
(27 real changes made)
(27 real changes made)
(27 real changes made)
(27 real changes made)
(27 real changes made)
(27 real changes made)
(27 real changes made)
(27 real changes made)
(27 real changes made)
(27 real changes made)
(27 real changes made)

.  
. sort year_f

. scatter te_s year_f if year_f>1994 & year_f<2007, connect(l) ytitle("Coefficient on S") ///
>  xline(1998.5) xline(2002.5) xlab(1995(1)2006) xtitle("")

. 
. graph export "$workdir\graph4.pdf", replace
(file C:\Users\roble\Desktop\Working\STATA\HW 10\graph4.pdf written in PDF format)

. 
. 
. * close the log file 
. log close
      name:  <unnamed>
       log:  C:\Users\roble\Desktop\Working\STATA\HW 10/leonard_exc10.log
  log type:  text
 closed on:  15 Jan 2018, 09:21:45
--------------------------------------------------------------------------------------------------------------------------------------------------
